Archive member included because of file (symbol)

/home/dani/workspace/nrf5x/nRF5_SDK_14.2.0_17b948a/components/toolchain/cmsis/dsp/GCC/libarm_cortexM4lf_math.a(arm_sin_f32.o)
                              _build/nrf52832_xxaa/drv_Buzzer.c.o (arm_sin_f32)
/home/dani/workspace/nrf5x/nRF5_SDK_14.2.0_17b948a/components/toolchain/cmsis/dsp/GCC/libarm_cortexM4lf_math.a(arm_common_tables.o)
                              /home/dani/workspace/nrf5x/nRF5_SDK_14.2.0_17b948a/components/toolchain/cmsis/dsp/GCC/libarm_cortexM4lf_math.a(arm_sin_f32.o) (sinTable_f32)
/usr/local/gcc-arm-none-eabi-4_9-2015q3/bin/../lib/gcc/arm-none-eabi/4.9.3/../../../../arm-none-eabi/lib/armv7e-m/fpu/libc_nano.a(lib_a-ctype_.o)
                              _build/nrf52832_xxaa/nrf_log_str_formatter.c.o (__ctype_ptr__)
/usr/local/gcc-arm-none-eabi-4_9-2015q3/bin/../lib/gcc/arm-none-eabi/4.9.3/../../../../arm-none-eabi/lib/armv7e-m/fpu/libc_nano.a(lib_a-exit.o)
                              /usr/local/gcc-arm-none-eabi-4_9-2015q3/bin/../lib/gcc/arm-none-eabi/4.9.3/../../../../arm-none-eabi/lib/armv7e-m/fpu/crt0.o (exit)
/usr/local/gcc-arm-none-eabi-4_9-2015q3/bin/../lib/gcc/arm-none-eabi/4.9.3/../../../../arm-none-eabi/lib/armv7e-m/fpu/libc_nano.a(lib_a-impure.o)
                              /usr/local/gcc-arm-none-eabi-4_9-2015q3/bin/../lib/gcc/arm-none-eabi/4.9.3/../../../../arm-none-eabi/lib/armv7e-m/fpu/libc_nano.a(lib_a-exit.o) (_global_impure_ptr)
/usr/local/gcc-arm-none-eabi-4_9-2015q3/bin/../lib/gcc/arm-none-eabi/4.9.3/../../../../arm-none-eabi/lib/armv7e-m/fpu/libc_nano.a(lib_a-init.o)
                              /usr/local/gcc-arm-none-eabi-4_9-2015q3/bin/../lib/gcc/arm-none-eabi/4.9.3/../../../../arm-none-eabi/lib/armv7e-m/fpu/crt0.o (__libc_init_array)
/usr/local/gcc-arm-none-eabi-4_9-2015q3/bin/../lib/gcc/arm-none-eabi/4.9.3/../../../../arm-none-eabi/lib/armv7e-m/fpu/libc_nano.a(lib_a-malloc.o)
                              _build/nrf52832_xxaa/Adafruit_NeoPixel.c.o (malloc)
/usr/local/gcc-arm-none-eabi-4_9-2015q3/bin/../lib/gcc/arm-none-eabi/4.9.3/../../../../arm-none-eabi/lib/armv7e-m/fpu/libc_nano.a(lib_a-memcpy.o)
                              _build/nrf52832_xxaa/nrf_log_frontend.c.o (memcpy)
/usr/local/gcc-arm-none-eabi-4_9-2015q3/bin/../lib/gcc/arm-none-eabi/4.9.3/../../../../arm-none-eabi/lib/armv7e-m/fpu/libc_nano.a(lib_a-memset.o)
                              /usr/local/gcc-arm-none-eabi-4_9-2015q3/bin/../lib/gcc/arm-none-eabi/4.9.3/../../../../arm-none-eabi/lib/armv7e-m/fpu/crt0.o (memset)
/usr/local/gcc-arm-none-eabi-4_9-2015q3/bin/../lib/gcc/arm-none-eabi/4.9.3/../../../../arm-none-eabi/lib/armv7e-m/fpu/libc_nano.a(lib_a-nano-freer.o)
                              /usr/local/gcc-arm-none-eabi-4_9-2015q3/bin/../lib/gcc/arm-none-eabi/4.9.3/../../../../arm-none-eabi/lib/armv7e-m/fpu/libc_nano.a(lib_a-malloc.o) (_free_r)
/usr/local/gcc-arm-none-eabi-4_9-2015q3/bin/../lib/gcc/arm-none-eabi/4.9.3/../../../../arm-none-eabi/lib/armv7e-m/fpu/libc_nano.a(lib_a-nano-mallocr.o)
                              /usr/local/gcc-arm-none-eabi-4_9-2015q3/bin/../lib/gcc/arm-none-eabi/4.9.3/../../../../arm-none-eabi/lib/armv7e-m/fpu/libc_nano.a(lib_a-malloc.o) (_malloc_r)
/usr/local/gcc-arm-none-eabi-4_9-2015q3/bin/../lib/gcc/arm-none-eabi/4.9.3/../../../../arm-none-eabi/lib/armv7e-m/fpu/libc_nano.a(lib_a-sbrkr.o)
                              /usr/local/gcc-arm-none-eabi-4_9-2015q3/bin/../lib/gcc/arm-none-eabi/4.9.3/../../../../arm-none-eabi/lib/armv7e-m/fpu/libc_nano.a(lib_a-nano-mallocr.o) (_sbrk_r)
/usr/local/gcc-arm-none-eabi-4_9-2015q3/bin/../lib/gcc/arm-none-eabi/4.9.3/../../../../arm-none-eabi/lib/armv7e-m/fpu/libc_nano.a(lib_a-strcpy.o)
                              _build/nrf52832_xxaa/SEGGER_RTT.c.o (strcpy)
/usr/local/gcc-arm-none-eabi-4_9-2015q3/bin/../lib/gcc/arm-none-eabi/4.9.3/../../../../arm-none-eabi/lib/armv7e-m/fpu/libc_nano.a(lib_a-strlen.o)
                              _build/nrf52832_xxaa/nrf_log_frontend.c.o (strlen)
/usr/local/gcc-arm-none-eabi-4_9-2015q3/bin/../lib/gcc/arm-none-eabi/4.9.3/../../../../arm-none-eabi/lib/armv7e-m/fpu/libc_nano.a(lib_a-reent.o)
                              /usr/local/gcc-arm-none-eabi-4_9-2015q3/bin/../lib/gcc/arm-none-eabi/4.9.3/../../../../arm-none-eabi/lib/armv7e-m/fpu/libc_nano.a(lib_a-sbrkr.o) (errno)
/usr/local/gcc-arm-none-eabi-4_9-2015q3/bin/../lib/gcc/arm-none-eabi/4.9.3/../../../../arm-none-eabi/lib/armv7e-m/fpu/libnosys.a(sbrk.o)
                              /usr/local/gcc-arm-none-eabi-4_9-2015q3/bin/../lib/gcc/arm-none-eabi/4.9.3/../../../../arm-none-eabi/lib/armv7e-m/fpu/libc_nano.a(lib_a-sbrkr.o) (_sbrk)
/usr/local/gcc-arm-none-eabi-4_9-2015q3/bin/../lib/gcc/arm-none-eabi/4.9.3/../../../../arm-none-eabi/lib/armv7e-m/fpu/libnosys.a(_exit.o)
                              /usr/local/gcc-arm-none-eabi-4_9-2015q3/bin/../lib/gcc/arm-none-eabi/4.9.3/../../../../arm-none-eabi/lib/armv7e-m/fpu/libc_nano.a(lib_a-exit.o) (_exit)
[...]
Memory Configuration

Name             Origin             Length             Attributes
FLASH            0x00023000         0x0005d000         xr
RAM              0x20002a68         0x0000d598         xrw
*default*        0x00000000         0xffffffff

Linker script and memory map


.text           0x00023000     0xd870
 *(.isr_vector)
 .isr_vector    0x00023000      0x200 _build/nrf52832_xxaa/gcc_startup_nrf52.S.o
                0x00023000                __isr_vector
 *(.text*)
 .text          0x00023200       0x5c /usr/local/gcc-arm-none-eabi-4_9-2015q3/bin/../lib/gcc/arm-none-eabi/4.9.3/armv7e-m/fpu/crtbegin.o
 .text          0x0002325c       0x74 /usr/local/gcc-arm-none-eabi-4_9-2015q3/bin/../lib/gcc/arm-none-eabi/4.9.3/../../../../arm-none-eabi/lib/armv7e-m/fpu/crt0.o
                0x0002325c                _mainCRTStartup
                0x0002325c                _start
 .text.nrf_log_backend_rtt_init
                0x000232d0        0xc _build/nrf52832_xxaa/nrf_log_backend_rtt.c.o
                0x000232d0                nrf_log_backend_rtt_init
 .text.serial_tx
                0x000232dc       0x5c _build/nrf52832_xxaa/nrf_log_backend_rtt.c.o
 .text.nrf_log_backend_rtt_put
                0x00023338       0x28 _build/nrf52832_xxaa/nrf_log_backend_rtt.c.o
 .text.nrf_log_backend_rtt_flush
                0x00023360       0x14 _build/nrf52832_xxaa/nrf_log_backend_rtt.c.o
 .text.nrf_log_backend_rtt_panic_set
                0x00023374       0x14 _build/nrf52832_xxaa/nrf_log_backend_rtt.c.o
 .text.nrf_log_backend_serial_put
                0x00023388      0x168 _build/nrf52832_xxaa/nrf_log_backend_serial.c.o
                0x00023388                nrf_log_backend_serial_put
 .text.nrf_log_backend_enable
                0x000234f0       0x18 _build/nrf52832_xxaa/nrf_log_default_backends.c.o
 .text.nrf_log_default_backends_init
                0x00023508       0x2c _build/nrf52832_xxaa/nrf_log_default_backends.c.o
                0x00023508                nrf_log_default_backends_init
 .text.nrf_log_backend_put
                0x00023534       0x1c _build/nrf52832_xxaa/nrf_log_frontend.c.o
 .text.nrf_log_backend_panic_set
                0x00023550       0x18 _build/nrf52832_xxaa/nrf_log_frontend.c.o
 .text.nrf_log_backend_id_set
                0x00023568       0x1c _build/nrf52832_xxaa/nrf_log_frontend.c.o
 .text.nrf_log_backend_id_get
                0x00023584       0x18 _build/nrf52832_xxaa/nrf_log_frontend.c.o
 .text.nrf_log_backend_enable
                0x0002359c       0x18 _build/nrf52832_xxaa/nrf_log_frontend.c.o
 .text.nrf_log_backend_is_enabled
                0x000235b4       0x18 _build/nrf52832_xxaa/nrf_log_frontend.c.o
 .text.nrf_atomic_u32_or
                0x000235cc       0x34 _build/nrf52832_xxaa/nrf_log_frontend.c.o
 .text.nrf_atomic_u32_fetch_and
                0x00023600       0x34 _build/nrf52832_xxaa/nrf_log_frontend.c.o
 .text.nrf_atomic_flag_set
                0x00023634       0x1c _build/nrf52832_xxaa/nrf_log_frontend.c.o
 .text.nrf_atomic_flag_clear_fetch
                0x00023650       0x1c _build/nrf52832_xxaa/nrf_log_frontend.c.o
 .text.nrf_log_init
                0x0002366c       0x9c _build/nrf52832_xxaa/nrf_log_frontend.c.o
                0x0002366c                nrf_log_init
 .text.nrf_log_module_cnt_get
                0x00023708       0x20 _build/nrf52832_xxaa/nrf_log_frontend.c.o
                0x00023708                nrf_log_module_cnt_get
 .text.module_idx_get
                0x00023728       0x68 _build/nrf52832_xxaa/nrf_log_frontend.c.o
 .text.nrf_log_module_name_get
                0x00023790       0x3c _build/nrf52832_xxaa/nrf_log_frontend.c.o
                0x00023790                nrf_log_module_name_get
 .text.nrf_log_color_id_get
                0x000237cc       0x68 _build/nrf52832_xxaa/nrf_log_frontend.c.o
                0x000237cc                nrf_log_color_id_get
 .text.log_skip
                0x00023834      0x108 _build/nrf52832_xxaa/nrf_log_frontend.c.o
 .text.std_header_set
                0x0002393c       0xa8 _build/nrf52832_xxaa/nrf_log_frontend.c.o
 .text.buf_prealloc
                0x000239e4       0xb0 _build/nrf52832_xxaa/nrf_log_frontend.c.o
 .text.std_n    0x00023a94       0x90 _build/nrf52832_xxaa/nrf_log_frontend.c.o
 .text.nrf_log_frontend_std_0
                0x00023b24       0x1c _build/nrf52832_xxaa/nrf_log_frontend.c.o
                0x00023b24                nrf_log_frontend_std_0
 .text.nrf_log_frontend_std_1
                0x00023b40       0x28 _build/nrf52832_xxaa/nrf_log_frontend.c.o
                0x00023b40                nrf_log_frontend_std_1
 .text.nrf_log_frontend_std_2
                0x00023b68       0x2c _build/nrf52832_xxaa/nrf_log_frontend.c.o
                0x00023b68                nrf_log_frontend_std_2
 .text.buffer_is_empty
                0x00023b94       0x24 _build/nrf52832_xxaa/nrf_log_frontend.c.o
                0x00023b94                buffer_is_empty
 .text.nrf_log_frontend_dequeue
                0x00023bb8      0x380 _build/nrf52832_xxaa/nrf_log_frontend.c.o
                0x00023bb8                nrf_log_frontend_dequeue
 .text.backend_id_assign
                0x00023f38       0x64 _build/nrf52832_xxaa/nrf_log_frontend.c.o
 .text.nrf_log_backend_add
                0x00023f9c       0x68 _build/nrf52832_xxaa/nrf_log_frontend.c.o
                0x00023f9c                nrf_log_backend_add
 .text.nrf_log_panic
                0x00024004       0x3c _build/nrf52832_xxaa/nrf_log_frontend.c.o
                0x00024004                nrf_log_panic
 .text.prefix_process
                0x00024040       0x80 _build/nrf52832_xxaa/nrf_log_str_formatter.c.o
 .text.postfix_process
                0x000240c0       0x64 _build/nrf52832_xxaa/nrf_log_str_formatter.c.o
 .text.nrf_log_std_entry_process
                0x00024124      0x140 _build/nrf52832_xxaa/nrf_log_str_formatter.c.o
                0x00024124                nrf_log_std_entry_process
 .text.nrf_log_hexdump_entry_process
                0x00024264       0xe8 _build/nrf52832_xxaa/nrf_log_str_formatter.c.o
                0x00024264                nrf_log_hexdump_entry_process
 .text.app_error_handler_bare
                0x0002434c       0x2c _build/nrf52832_xxaa/app_error.c.o
                0x0002434c                app_error_handler_bare
 .text.NVIC_SystemReset
                0x00024378       0x28 _build/nrf52832_xxaa/app_error_weak.c.o
 .text.app_error_fault_handler
                0x000243a0       0x68 _build/nrf52832_xxaa/app_error_weak.c.o
                0x000243a0                app_error_fault_handler
 .text.NVIC_EnableIRQ
                0x00024408       0x30 _build/nrf52832_xxaa/app_timer.c.o
 .text.NVIC_DisableIRQ
                0x00024438       0x34 _build/nrf52832_xxaa/app_timer.c.o
 .text.NVIC_SetPendingIRQ
                0x0002446c       0x34 _build/nrf52832_xxaa/app_timer.c.o
 .text.NVIC_ClearPendingIRQ
                0x000244a0       0x34 _build/nrf52832_xxaa/app_timer.c.o
 .text.NVIC_SetPriority
                0x000244d4       0x54 _build/nrf52832_xxaa/app_timer.c.o
 .text.nrf_delay_us
                0x00024528       0xa8 _build/nrf52832_xxaa/app_timer.c.o
 .text.rtc1_init
                0x000245d0       0x24 _build/nrf52832_xxaa/app_timer.c.o
 .text.rtc1_start
                0x000245f4       0x40 _build/nrf52832_xxaa/app_timer.c.o
 .text.rtc1_stop
                0x00024634       0x50 _build/nrf52832_xxaa/app_timer.c.o
 .text.rtc1_counter_get
                0x00024684       0x18 _build/nrf52832_xxaa/app_timer.c.o
 .text.ticks_diff_get
                0x0002469c       0x20 _build/nrf52832_xxaa/app_timer.c.o
 .text.rtc1_compare0_set
                0x000246bc       0x20 _build/nrf52832_xxaa/app_timer.c.o
 .text.timer_list_insert
                0x000246dc       0xb4 _build/nrf52832_xxaa/app_timer.c.o
 .text.timer_list_remove
                0x00024790       0xc0 _build/nrf52832_xxaa/app_timer.c.o
 .text.timer_timeouts_check_sched
                0x00024850        0xc _build/nrf52832_xxaa/app_timer.c.o
 .text.timer_list_handler_sched
                0x0002485c        0xc _build/nrf52832_xxaa/app_timer.c.o
 .text.timeout_handler_exec
                0x00024868       0x1c _build/nrf52832_xxaa/app_timer.c.o
 .text.timer_timeouts_check
                0x00024884       0xc4 _build/nrf52832_xxaa/app_timer.c.o
 .text.elapsed_ticks_acquire
                0x00024948       0x80 _build/nrf52832_xxaa/app_timer.c.o
 .text.expired_timers_handler
                0x000249c8       0x9c _build/nrf52832_xxaa/app_timer.c.o
 .text.list_insertions_handler
                0x00024a64      0x1b8 _build/nrf52832_xxaa/app_timer.c.o
 .text.compare_reg_update
                0x00024c1c       0xb4 _build/nrf52832_xxaa/app_timer.c.o
 .text.timer_list_handler
                0x00024cd0       0x74 _build/nrf52832_xxaa/app_timer.c.o
 .text.user_op_enque
                0x00024d44       0x20 _build/nrf52832_xxaa/app_timer.c.o
 .text.user_op_alloc
                0x00024d64       0x5c _build/nrf52832_xxaa/app_timer.c.o
 .text.timer_start_op_schedule
                0x00024dc0       0x84 _build/nrf52832_xxaa/app_timer.c.o
 .text.timer_stop_op_schedule
                0x00024e44       0x68 _build/nrf52832_xxaa/app_timer.c.o
 .text.RTC1_IRQHandler
                0x00024eac       0x40 _build/nrf52832_xxaa/app_timer.c.o
                0x00024eac                RTC1_IRQHandler
 .text.SWI0_EGU0_IRQHandler
                0x00024eec        0xc _build/nrf52832_xxaa/app_timer.c.o
                0x00024eec                SWI0_EGU0_IRQHandler
 .text.app_timer_init
                0x00024ef8       0x6c _build/nrf52832_xxaa/app_timer.c.o
                0x00024ef8                app_timer_init
 .text.app_timer_create
                0x00024f64       0x68 _build/nrf52832_xxaa/app_timer.c.o
                0x00024f64                app_timer_create
 .text.app_timer_start
                0x00024fcc       0x68 _build/nrf52832_xxaa/app_timer.c.o
                0x00024fcc                app_timer_start
 .text.app_timer_stop
                0x00025034       0x48 _build/nrf52832_xxaa/app_timer.c.o
                0x00025034                app_timer_stop
 .text.__sd_nvic_irq_disable
                0x0002507c       0x20 _build/nrf52832_xxaa/app_util_platform.c.o
 .text.__sd_nvic_irq_enable
                0x0002509c       0x10 _build/nrf52832_xxaa/app_util_platform.c.o
 .text.sd_nvic_critical_region_enter
                0x000250ac       0x74 _build/nrf52832_xxaa/app_util_platform.c.o
 .text.sd_nvic_critical_region_exit
                0x00025120       0x50 _build/nrf52832_xxaa/app_util_platform.c.o
 .text.app_util_critical_region_enter
                0x00025170       0x14 _build/nrf52832_xxaa/app_util_platform.c.o
                0x00025170                app_util_critical_region_enter
 .text.app_util_critical_region_exit
                0x00025184       0x18 _build/nrf52832_xxaa/app_util_platform.c.o
                0x00025184                app_util_critical_region_exit
 .text.nrf_atfifo_rspace_req
                0x0002519c       0x5c _build/nrf52832_xxaa/nrf_atfifo.c.o
 .text.nrf_atfifo_rspace_close
                0x000251f8       0x28 _build/nrf52832_xxaa/nrf_atfifo.c.o
 .text.nrf_atfifo_item_get
                0x00025220       0x30 _build/nrf52832_xxaa/nrf_atfifo.c.o
                0x00025220                nrf_atfifo_item_get
 .text.nrf_atfifo_item_free
                0x00025250       0x2c _build/nrf52832_xxaa/nrf_atfifo.c.o
                0x00025250                nrf_atfifo_item_free
 .text.nrf_balloc_idx2block
                0x0002527c       0x28 _build/nrf52832_xxaa/nrf_balloc.c.o
 .text.nrf_balloc_block2idx
                0x000252a4       0x28 _build/nrf52832_xxaa/nrf_balloc.c.o
 .text.nrf_balloc_init
                0x000252cc       0x5c _build/nrf52832_xxaa/nrf_balloc.c.o
                0x000252cc                nrf_balloc_init
 .text.nrf_balloc_alloc
                0x00025328       0x78 _build/nrf52832_xxaa/nrf_balloc.c.o
                0x00025328                nrf_balloc_alloc
 .text.nrf_balloc_free
                0x000253a0       0x40 _build/nrf52832_xxaa/nrf_balloc.c.o
                0x000253a0                nrf_balloc_free
 .text.nrf_fprintf_buffer_flush
                0x000253e0       0x30 _build/nrf52832_xxaa/nrf_fprintf.c.o
                0x000253e0                nrf_fprintf_buffer_flush
 .text.nrf_fprintf
                0x00025410       0x34 _build/nrf52832_xxaa/nrf_fprintf.c.o
                0x00025410                nrf_fprintf
 .text.buffer_add
                0x00025444       0x38 _build/nrf52832_xxaa/nrf_fprintf_format.c.o
 .text.string_print
                0x0002547c       0xb8 _build/nrf52832_xxaa/nrf_fprintf_format.c.o
 .text.unsigned_print
                0x00025534      0x128 _build/nrf52832_xxaa/nrf_fprintf_format.c.o
 .text.int_print
                0x0002565c      0x120 _build/nrf52832_xxaa/nrf_fprintf_format.c.o
 .text.nrf_fprintf_fmt
                0x0002577c      0x3ec _build/nrf52832_xxaa/nrf_fprintf_format.c.o
                0x0002577c                nrf_fprintf_fmt
 .text.nrf_fstorage_is_busy
                0x00025b68       0x88 _build/nrf52832_xxaa/nrf_fstorage.c.o
                0x00025b68                nrf_fstorage_is_busy
 .text.sd_flash_write
                0x00025bf0        0x8 _build/nrf52832_xxaa/nrf_fstorage_sd.c.o
 .text.sd_flash_page_erase
                0x00025bf8        0x8 _build/nrf52832_xxaa/nrf_fstorage_sd.c.o
 .text.event_send
                0x00025c00       0x90 _build/nrf52832_xxaa/nrf_fstorage_sd.c.o
 .text.write_execute
                0x00025c90       0x5c _build/nrf52832_xxaa/nrf_fstorage_sd.c.o
 .text.erase_execute
                0x00025cec       0x24 _build/nrf52832_xxaa/nrf_fstorage_sd.c.o
 .text.queue_free
                0x00025d10       0x18 _build/nrf52832_xxaa/nrf_fstorage_sd.c.o
 .text.queue_load_next
                0x00025d28       0x34 _build/nrf52832_xxaa/nrf_fstorage_sd.c.o
 .text.queue_process
                0x00025d5c       0xb4 _build/nrf52832_xxaa/nrf_fstorage_sd.c.o
 .text.on_operation_success
                0x00025e10       0x80 _build/nrf52832_xxaa/nrf_fstorage_sd.c.o
 .text.on_operation_failure
                0x00025e90       0x38 _build/nrf52832_xxaa/nrf_fstorage_sd.c.o
 .text.nrf_fstorage_sys_evt_handler
                0x00025ec8       0x9c _build/nrf52832_xxaa/nrf_fstorage_sd.c.o
                0x00025ec8                nrf_fstorage_sys_evt_handler
 .text.nrf_fstorage_sdh_req_handler
                0x00025f64       0x30 _build/nrf52832_xxaa/nrf_fstorage_sd.c.o
                0x00025f64                nrf_fstorage_sdh_req_handler
 .text.nrf_fstorage_sdh_state_handler
                0x00025f94       0x3c _build/nrf52832_xxaa/nrf_fstorage_sd.c.o
                0x00025f94                nrf_fstorage_sdh_state_handler
 .text.nrf_atomic_u32_add
                0x00025fd0       0x34 _build/nrf52832_xxaa/nrf_memobj.c.o
 .text.nrf_atomic_u32_sub
                0x00026004       0x34 _build/nrf52832_xxaa/nrf_memobj.c.o
 .text.nrf_memobj_pool_init
                0x00026038       0x18 _build/nrf52832_xxaa/nrf_memobj.c.o
                0x00026038                nrf_memobj_pool_init
 .text.nrf_memobj_alloc
                0x00026050       0xac _build/nrf52832_xxaa/nrf_memobj.c.o
                0x00026050                nrf_memobj_alloc
 .text.nrf_memobj_free
                0x000260fc       0x6c _build/nrf52832_xxaa/nrf_memobj.c.o
                0x000260fc                nrf_memobj_free
 .text.nrf_memobj_get
                0x00026168       0x20 _build/nrf52832_xxaa/nrf_memobj.c.o
                0x00026168                nrf_memobj_get
 .text.nrf_memobj_put
                0x00026188       0x38 _build/nrf52832_xxaa/nrf_memobj.c.o
                0x00026188                nrf_memobj_put
 .text.memobj_op
                0x000261c0       0xec _build/nrf52832_xxaa/nrf_memobj.c.o
 .text.nrf_memobj_write
                0x000262ac       0x24 _build/nrf52832_xxaa/nrf_memobj.c.o
                0x000262ac                nrf_memobj_write
 .text.nrf_memobj_read
                0x000262d0       0x24 _build/nrf52832_xxaa/nrf_memobj.c.o
                0x000262d0                nrf_memobj_read
 .text.nrf_section_iter_init
                0x000262f4       0x38 _build/nrf52832_xxaa/nrf_section_iter.c.o
                0x000262f4                nrf_section_iter_init
 .text.nrf_section_iter_next
                0x0002632c       0x44 _build/nrf52832_xxaa/nrf_section_iter.c.o
                0x0002632c                nrf_section_iter_next
 .text.nrf_strerror_get
                0x00026370       0x28 _build/nrf52832_xxaa/nrf_strerror.c.o
                0x00026370                nrf_strerror_get
 .text.nrf_strerror_find
                0x00026398       0x70 _build/nrf52832_xxaa/nrf_strerror.c.o
                0x00026398                nrf_strerror_find
 .text.sdk_mapped_flags_set_by_index
                0x00026408       0x28 _build/nrf52832_xxaa/sdk_mapped_flags.c.o
 .text.sdk_mapped_flags_clear_by_index
                0x00026430       0x2c _build/nrf52832_xxaa/sdk_mapped_flags.c.o
 .text.sdk_mapped_flags_get_by_index
                0x0002645c       0x30 _build/nrf52832_xxaa/sdk_mapped_flags.c.o
 .text.sdk_mapped_flags_first_key_index_get
                0x0002648c       0x3c _build/nrf52832_xxaa/sdk_mapped_flags.c.o
                0x0002648c                sdk_mapped_flags_first_key_index_get
 .text.sdk_mapped_flags_update_by_key
                0x000264c8       0x30 _build/nrf52832_xxaa/sdk_mapped_flags.c.o
                0x000264c8                sdk_mapped_flags_update_by_key
 .text.sdk_mapped_flags_bulk_update_by_key
                0x000264f8       0x90 _build/nrf52832_xxaa/sdk_mapped_flags.c.o
                0x000264f8                sdk_mapped_flags_bulk_update_by_key
 .text.sdk_mapped_flags_key_list_get
                0x00026588       0x70 _build/nrf52832_xxaa/sdk_mapped_flags.c.o
                0x00026588                sdk_mapped_flags_key_list_get
 .text.nrf_gpio_pin_port_decode
                0x000265f8       0x18 _build/nrf52832_xxaa/boards.c.o
 .text.nrf_gpio_pin_set
                0x00026610       0x28 _build/nrf52832_xxaa/boards.c.o
 .text.nrf_gpio_pin_clear
                0x00026638       0x28 _build/nrf52832_xxaa/boards.c.o
 .text.nrf_gpio_pin_toggle
                0x00026660       0x48 _build/nrf52832_xxaa/boards.c.o
 .text.nrf_gpio_pin_write
                0x000266a8       0x24 _build/nrf52832_xxaa/boards.c.o
 .text.nrf_gpio_pin_out_read
                0x000266cc       0x2c _build/nrf52832_xxaa/boards.c.o
 .text.nrf_gpio_port_out_read
                0x000266f8       0x1c _build/nrf52832_xxaa/boards.c.o
 .text.nrf_gpio_port_out_set
                0x00026714       0x1c _build/nrf52832_xxaa/boards.c.o
 .text.nrf_gpio_port_out_clear
                0x00026730       0x1c _build/nrf52832_xxaa/boards.c.o
 .text.bsp_board_led_state_get
                0x0002674c       0x48 _build/nrf52832_xxaa/boards.c.o
                0x0002674c                bsp_board_led_state_get
 .text.bsp_board_led_on
                0x00026794       0x24 _build/nrf52832_xxaa/boards.c.o
                0x00026794                bsp_board_led_on
 .text.bsp_board_led_off
                0x000267b8       0x24 _build/nrf52832_xxaa/boards.c.o
                0x000267b8                bsp_board_led_off
 .text.bsp_board_leds_off
                0x000267dc       0x24 _build/nrf52832_xxaa/boards.c.o
                0x000267dc                bsp_board_leds_off
 .text.bsp_board_leds_on
                0x00026800       0x24 _build/nrf52832_xxaa/boards.c.o
                0x00026800                bsp_board_leds_on
 .text.bsp_board_led_invert
                0x00026824       0x20 _build/nrf52832_xxaa/boards.c.o
                0x00026824                bsp_board_led_invert
 .text.bsp_board_button_idx_to_pin
                0x00026844       0x20 _build/nrf52832_xxaa/boards.c.o
                0x00026844                bsp_board_button_idx_to_pin
 .text.NVIC_DisableIRQ
                0x00026864       0x34 _build/nrf52832_xxaa/nrf_drv_clock.c.o
 .text.nrf_clock_int_disable
                0x00026898       0x1c _build/nrf52832_xxaa/nrf_drv_clock.c.o
 .text.nrf_clock_task_trigger
                0x000268b4       0x20 _build/nrf52832_xxaa/nrf_drv_clock.c.o
 .text.nrf_clock_event_clear
                0x000268d4       0x2c _build/nrf52832_xxaa/nrf_drv_clock.c.o
 .text.nrf_clock_event_check
                0x00026900       0x28 _build/nrf52832_xxaa/nrf_drv_clock.c.o
 .text.nrf_clock_lf_src_set
                0x00026928       0x24 _build/nrf52832_xxaa/nrf_drv_clock.c.o
 .text.nrf_clock_lf_is_running
                0x0002694c       0x28 _build/nrf52832_xxaa/nrf_drv_clock.c.o
 .text.nrf_drv_common_irq_enable_check
                0x00026974       0x40 _build/nrf52832_xxaa/nrf_drv_clock.c.o
 .text.nrf_drv_common_power_clock_irq_init
                0x000269b4       0x20 _build/nrf52832_xxaa/nrf_drv_clock.c.o
 .text.lfclk_stop
                0x000269d4       0x24 _build/nrf52832_xxaa/nrf_drv_clock.c.o
 .text.nrf_drv_clock_init
                0x000269f8       0x60 _build/nrf52832_xxaa/nrf_drv_clock.c.o
                0x000269f8                nrf_drv_clock_init
 .text.item_dequeue
                0x00026a58       0x2c _build/nrf52832_xxaa/nrf_drv_clock.c.o
 .text.nrf_drv_clock_lfclk_release
                0x00026a84       0x3c _build/nrf52832_xxaa/nrf_drv_clock.c.o
                0x00026a84                nrf_drv_clock_lfclk_release
 .text.clock_clk_started_notify
                0x00026ac0       0x44 _build/nrf52832_xxaa/nrf_drv_clock.c.o
 .text.POWER_CLOCK_IRQHandler
                0x00026b04       0x5c _build/nrf52832_xxaa/nrf_drv_clock.c.o
                0x00026b04                POWER_CLOCK_IRQHandler
 .text.soc_evt_handler
                0x00026b60       0x1c _build/nrf52832_xxaa/nrf_drv_clock.c.o
 .text.sd_state_evt_handler
                0x00026b7c       0x78 _build/nrf52832_xxaa/nrf_drv_clock.c.o
 .text.NVIC_EnableIRQ
                0x00026bf4       0x30 _build/nrf52832_xxaa/nrf_drv_common.c.o
 .text.NVIC_ClearPendingIRQ
                0x00026c24       0x34 _build/nrf52832_xxaa/nrf_drv_common.c.o
 .text.NVIC_SetPriority
                0x00026c58       0x54 _build/nrf52832_xxaa/nrf_drv_common.c.o
 .text.nrf_drv_common_irq_enable
                0x00026cac       0x38 _build/nrf52832_xxaa/nrf_drv_common.c.o
                0x00026cac                nrf_drv_common_irq_enable
 .text.nrf_gpiote_event_is_set
                0x00026ce4       0x28 _build/nrf52832_xxaa/nrf_drv_gpiote.c.o
 .text.nrf_gpiote_event_clear
                0x00026d0c       0x30 _build/nrf52832_xxaa/nrf_drv_gpiote.c.o
 .text.nrf_gpiote_event_addr_get
                0x00026d3c       0x20 _build/nrf52832_xxaa/nrf_drv_gpiote.c.o
 .text.nrf_gpiote_int_is_enabled
                0x00026d5c       0x24 _build/nrf52832_xxaa/nrf_drv_gpiote.c.o
 .text.nrf_gpiote_event_pin_get
                0x00026d80       0x2c _build/nrf52832_xxaa/nrf_drv_gpiote.c.o
 .text.nrf_gpiote_event_polarity_get
                0x00026dac       0x2c _build/nrf52832_xxaa/nrf_drv_gpiote.c.o
 .text.nrf_gpio_pin_port_decode
                0x00026dd8       0x18 _build/nrf52832_xxaa/nrf_drv_gpiote.c.o
 .text.nrf_gpio_cfg_sense_set
                0x00026df0       0x58 _build/nrf52832_xxaa/nrf_drv_gpiote.c.o
 .text.nrf_gpio_pin_sense_get
                0x00026e48       0x30 _build/nrf52832_xxaa/nrf_drv_gpiote.c.o
 .text.nrf_gpio_port_in_read
                0x00026e78       0x1c _build/nrf52832_xxaa/nrf_drv_gpiote.c.o
 .text.nrf_gpio_ports_read
                0x00026e94       0x50 _build/nrf52832_xxaa/nrf_drv_gpiote.c.o
 .text.nrf_bitmask_bit_is_set
                0x00026ee4       0x3c _build/nrf52832_xxaa/nrf_drv_gpiote.c.o
 .text.nrf_bitmask_bit_set
                0x00026f20       0x4c _build/nrf52832_xxaa/nrf_drv_gpiote.c.o
 .text.channel_port_get
                0x00026f6c       0x24 _build/nrf52832_xxaa/nrf_drv_gpiote.c.o
 .text.channel_handler_get
                0x00026f90       0x20 _build/nrf52832_xxaa/nrf_drv_gpiote.c.o
 .text.GPIOTE_IRQHandler
                0x00026fb0      0x2e4 _build/nrf52832_xxaa/nrf_drv_gpiote.c.o
                0x00026fb0                GPIOTE_IRQHandler
 .text.nrf_uart_event_clear
                0x00027294       0x2c _build/nrf52832_xxaa/nrf_drv_uart.c.o
 .text.nrf_uart_event_check
                0x000272c0       0x2c _build/nrf52832_xxaa/nrf_drv_uart.c.o
 .text.nrf_uart_int_enable_check
                0x000272ec       0x2c _build/nrf52832_xxaa/nrf_drv_uart.c.o
 .text.nrf_uart_int_disable
                0x00027318       0x1c _build/nrf52832_xxaa/nrf_drv_uart.c.o
 .text.nrf_uart_errorsrc_get_and_clear
                0x00027334       0x28 _build/nrf52832_xxaa/nrf_drv_uart.c.o
 .text.nrf_uart_rxd_get
                0x0002735c       0x1c _build/nrf52832_xxaa/nrf_drv_uart.c.o
 .text.nrf_uart_txd_set
                0x00027378       0x20 _build/nrf52832_xxaa/nrf_drv_uart.c.o
 .text.nrf_uart_task_trigger
                0x00027398       0x20 _build/nrf52832_xxaa/nrf_drv_uart.c.o
 .text.nrf_uarte_event_clear
                0x000273b8       0x2c _build/nrf52832_xxaa/nrf_drv_uart.c.o
 .text.nrf_uarte_event_check
                0x000273e4       0x2c _build/nrf52832_xxaa/nrf_drv_uart.c.o
 .text.nrf_uarte_shorts_disable
                0x00027410       0x28 _build/nrf52832_xxaa/nrf_drv_uart.c.o
 .text.nrf_uarte_errorsrc_get_and_clear
                0x00027438       0x28 _build/nrf52832_xxaa/nrf_drv_uart.c.o
 .text.nrf_uarte_tx_amount_get
                0x00027460       0x1c _build/nrf52832_xxaa/nrf_drv_uart.c.o
 .text.nrf_uarte_rx_amount_get
                0x0002747c       0x1c _build/nrf52832_xxaa/nrf_drv_uart.c.o
 .text.tx_byte  0x00027498       0x44 _build/nrf52832_xxaa/nrf_drv_uart.c.o
 .text.rx_byte  0x000274dc       0x58 _build/nrf52832_xxaa/nrf_drv_uart.c.o
 .text.rx_done_event
                0x00027534       0x34 _build/nrf52832_xxaa/nrf_drv_uart.c.o
 .text.tx_done_event
                0x00027568       0x38 _build/nrf52832_xxaa/nrf_drv_uart.c.o
 .text.uart_irq_handler
                0x000275a0      0x1d4 _build/nrf52832_xxaa/nrf_drv_uart.c.o
 .text.uarte_irq_handler
                0x00027774      0x15c _build/nrf52832_xxaa/nrf_drv_uart.c.o
 .text.UARTE0_UART0_IRQHandler
                0x000278d0       0x28 _build/nrf52832_xxaa/nrf_drv_uart.c.o
                0x000278d0                UARTE0_UART0_IRQHandler
 .text.nrf_gpio_pin_port_decode
                0x000278f8       0x18 _build/nrf52832_xxaa/bsp.c.o
 .text.nrf_gpio_cfg_sense_set
                0x00027910       0x58 _build/nrf52832_xxaa/bsp.c.o
 .text.leds_off
                0x00027968       0x3c _build/nrf52832_xxaa/bsp.c.o
 .text.bsp_led_indication
                0x000279a4      0x47c _build/nrf52832_xxaa/bsp.c.o
 .text.bsp_indication_set
                0x00027e20       0x34 _build/nrf52832_xxaa/bsp.c.o
                0x00027e20                bsp_indication_set
 .text.bsp_event_to_button_action_assign
                0x00027e54       0x98 _build/nrf52832_xxaa/bsp.c.o
                0x00027e54                bsp_event_to_button_action_assign
 .text.bsp_wakeup_button_enable
                0x00027eec       0x24 _build/nrf52832_xxaa/bsp.c.o
                0x00027eec                bsp_wakeup_button_enable
 .text.connection_buttons_configure
                0x00027f10       0x64 _build/nrf52832_xxaa/bsp_btn_ble.c.o
 .text.advertising_buttons_configure
                0x00027f74       0x64 _build/nrf52832_xxaa/bsp_btn_ble.c.o
 .text.bsp_btn_ble_sleep_mode_prepare
                0x00027fd8       0x40 _build/nrf52832_xxaa/bsp_btn_ble.c.o
                0x00027fd8                bsp_btn_ble_sleep_mode_prepare
 .text.ble_evt_handler
                0x00028018       0x88 _build/nrf52832_xxaa/bsp_btn_ble.c.o
 .text.nrf_pwm_task_trigger
                0x000280a0       0x20 _build/nrf52832_xxaa/nrf_drv_pwm.c.o
 .text.nrf_pwm_task_address_get
                0x000280c0       0x20 _build/nrf52832_xxaa/nrf_drv_pwm.c.o
 .text.nrf_pwm_event_clear
                0x000280e0       0x2c _build/nrf52832_xxaa/nrf_drv_pwm.c.o
 .text.nrf_pwm_event_check
                0x0002810c       0x2c _build/nrf52832_xxaa/nrf_drv_pwm.c.o
 .text.nrf_pwm_shorts_set
                0x00028138       0x1c _build/nrf52832_xxaa/nrf_drv_pwm.c.o
 .text.nrf_pwm_int_set
                0x00028154       0x1c _build/nrf52832_xxaa/nrf_drv_pwm.c.o
 .text.nrf_pwm_enable
                0x00028170       0x1c _build/nrf52832_xxaa/nrf_drv_pwm.c.o
 .text.nrf_pwm_pins_set
                0x0002818c       0x3c _build/nrf52832_xxaa/nrf_drv_pwm.c.o
 .text.nrf_pwm_configure
                0x000281c8       0x3c _build/nrf52832_xxaa/nrf_drv_pwm.c.o
 .text.nrf_pwm_sequence_set
                0x00028204       0x54 _build/nrf52832_xxaa/nrf_drv_pwm.c.o
 .text.nrf_pwm_seq_ptr_set
                0x00028258       0x28 _build/nrf52832_xxaa/nrf_drv_pwm.c.o
 .text.nrf_pwm_seq_cnt_set
                0x00028280       0x28 _build/nrf52832_xxaa/nrf_drv_pwm.c.o
 .text.nrf_pwm_seq_refresh_set
                0x000282a8       0x28 _build/nrf52832_xxaa/nrf_drv_pwm.c.o
 .text.nrf_pwm_seq_end_delay_set
                0x000282d0       0x28 _build/nrf52832_xxaa/nrf_drv_pwm.c.o
 .text.nrf_pwm_decoder_set
                0x000282f8       0x28 _build/nrf52832_xxaa/nrf_drv_pwm.c.o
 .text.nrf_pwm_loop_set
                0x00028320       0x20 _build/nrf52832_xxaa/nrf_drv_pwm.c.o
 .text.nrf_drv_get_IRQn
                0x00028340       0x20 _build/nrf52832_xxaa/nrf_drv_pwm.c.o
 .text.nrf_gpio_pin_port_decode
                0x00028360       0x18 _build/nrf52832_xxaa/nrf_drv_pwm.c.o
 .text.nrf_gpio_cfg
                0x00028378       0x50 _build/nrf52832_xxaa/nrf_drv_pwm.c.o
 .text.nrf_gpio_cfg_output
                0x000283c8       0x24 _build/nrf52832_xxaa/nrf_drv_pwm.c.o
 .text.nrf_gpio_pin_set
                0x000283ec       0x28 _build/nrf52832_xxaa/nrf_drv_pwm.c.o
 .text.nrf_gpio_pin_clear
                0x00028414       0x28 _build/nrf52832_xxaa/nrf_drv_pwm.c.o
 .text.nrf_gpio_port_out_set
                0x0002843c       0x1c _build/nrf52832_xxaa/nrf_drv_pwm.c.o
 .text.nrf_gpio_port_out_clear
                0x00028458       0x1c _build/nrf52832_xxaa/nrf_drv_pwm.c.o
 .text.configure_pins
                0x00028474       0xbc _build/nrf52832_xxaa/nrf_drv_pwm.c.o
 .text.nrf_drv_pwm_init
                0x00028530       0xf8 _build/nrf52832_xxaa/nrf_drv_pwm.c.o
                0x00028530                nrf_drv_pwm_init
 .text.start_playback
                0x00028628       0xb4 _build/nrf52832_xxaa/nrf_drv_pwm.c.o
 .text.nrf_drv_pwm_simple_playback
                0x000286dc       0xc4 _build/nrf52832_xxaa/nrf_drv_pwm.c.o
                0x000286dc                nrf_drv_pwm_simple_playback
 .text.nrf_drv_pwm_stop
                0x000287a0       0x54 _build/nrf52832_xxaa/nrf_drv_pwm.c.o
                0x000287a0                nrf_drv_pwm_stop
 .text.nrf_drv_pwm_is_stopped
                0x000287f4       0x54 _build/nrf52832_xxaa/nrf_drv_pwm.c.o
                0x000287f4                nrf_drv_pwm_is_stopped
 .text.irq_handler
                0x00028848       0xe4 _build/nrf52832_xxaa/nrf_drv_pwm.c.o
 .text.PWM0_IRQHandler
                0x0002892c       0x18 _build/nrf52832_xxaa/nrf_drv_pwm.c.o
                0x0002892c                PWM0_IRQHandler
 .text.PWM1_IRQHandler
                0x00028944       0x18 _build/nrf52832_xxaa/nrf_drv_pwm.c.o
                0x00028944                PWM1_IRQHandler
 .text.PWM2_IRQHandler
                0x0002895c       0x18 _build/nrf52832_xxaa/nrf_drv_pwm.c.o
                0x0002895c                PWM2_IRQHandler
 .text.NVIC_SetPriority
                0x00028974       0x54 _build/nrf52832_xxaa/main.c.o
 .text.SysTick_Config
                0x000289c8       0x44 _build/nrf52832_xxaa/main.c.o
 .text.sd_power_system_off
                0x00028a0c        0x8 _build/nrf52832_xxaa/main.c.o
 .text.sd_ble_gap_disconnect
                0x00028a14        0x8 _build/nrf52832_xxaa/main.c.o
 .text.sd_ble_gap_ppcp_set
                0x00028a1c        0x8 _build/nrf52832_xxaa/main.c.o
 .text.sd_ble_gap_device_name_set
                0x00028a24        0x8 _build/nrf52832_xxaa/main.c.o
 .text.sd_ble_gap_sec_params_reply
                0x00028a2c        0x8 _build/nrf52832_xxaa/main.c.o
 .text.sd_ble_gap_phy_update
                0x00028a34        0x8 _build/nrf52832_xxaa/main.c.o
 .text.sd_ble_gatts_rw_authorize_reply
                0x00028a3c        0x8 _build/nrf52832_xxaa/main.c.o
 .text.sd_ble_gatts_sys_attr_set
                0x00028a44        0x8 _build/nrf52832_xxaa/main.c.o
 .text.sd_ble_user_mem_reply
                0x00028a4c        0x8 _build/nrf52832_xxaa/main.c.o
 .text.nrf_gpio_pin_port_decode
                0x00028a54       0x18 _build/nrf52832_xxaa/main.c.o
 .text.nrf_gpio_cfg
                0x00028a6c       0x50 _build/nrf52832_xxaa/main.c.o
 .text.nrf_gpio_cfg_output
                0x00028abc       0x24 _build/nrf52832_xxaa/main.c.o
 .text.nrf_gpio_pin_set
                0x00028ae0       0x28 _build/nrf52832_xxaa/main.c.o
 .text.nrf_gpio_pin_clear
                0x00028b08       0x28 _build/nrf52832_xxaa/main.c.o
 .text.nrf_gpio_pin_write
                0x00028b30       0x24 _build/nrf52832_xxaa/main.c.o
 .text.nrf_gpio_port_out_set
                0x00028b54       0x1c _build/nrf52832_xxaa/main.c.o
 .text.nrf_gpio_port_out_clear
                0x00028b70       0x1c _build/nrf52832_xxaa/main.c.o
 .text.gap_params_init
                0x00028b8c       0x84 _build/nrf52832_xxaa/main.c.o
 .text.nus_data_handler
                0x00028c10      0x108 _build/nrf52832_xxaa/main.c.o
 .text.services_init
                0x00028d18       0x40 _build/nrf52832_xxaa/main.c.o
 .text.on_conn_params_evt
                0x00028d58       0x38 _build/nrf52832_xxaa/main.c.o
 .text.conn_params_error_handler
                0x00028d90       0x14 _build/nrf52832_xxaa/main.c.o
 .text.conn_params_init
                0x00028da4       0x60 _build/nrf52832_xxaa/main.c.o
 .text.sleep_mode_enter
                0x00028e04       0x50 _build/nrf52832_xxaa/main.c.o
 .text.on_adv_evt
                0x00028e54       0x40 _build/nrf52832_xxaa/main.c.o
 .text.ble_evt_handler
                0x00028e94      0x32c _build/nrf52832_xxaa/main.c.o
 .text.ble_stack_init
                0x000291c0       0x5c _build/nrf52832_xxaa/main.c.o
 .text.gatt_evt_handler
                0x0002921c       0x64 _build/nrf52832_xxaa/main.c.o
                0x0002921c                gatt_evt_handler
 .text.gatt_init
                0x00029280       0x48 _build/nrf52832_xxaa/main.c.o
                0x00029280                gatt_init
 .text.advertising_init
                0x000292c8       0x80 _build/nrf52832_xxaa/main.c.o
 .text.log_init
                0x00029348       0x28 _build/nrf52832_xxaa/main.c.o
 .text.PowerSystem
                0x00029370       0x30 _build/nrf52832_xxaa/main.c.o
 .text.SysTick_Handler
                0x000293a0      0x1cc _build/nrf52832_xxaa/main.c.o
                0x000293a0                SysTick_Handler
 .text.drv_speaker_evt_handler
                0x0002956c       0x3c _build/nrf52832_xxaa/main.c.o
 .text.haptic_motor_start
                0x000295a8       0x40 _build/nrf52832_xxaa/main.c.o
                0x000295a8                haptic_motor_start
 .text.haptic_motor_stop
                0x000295e8       0x1c _build/nrf52832_xxaa/main.c.o
                0x000295e8                haptic_motor_stop
 .text.main     0x00029604       0xb0 _build/nrf52832_xxaa/main.c.o
                0x00029604                main
 .text.OffLeds  0x000296b4       0x20 _build/nrf52832_xxaa/LedPatterns.c.o
                0x000296b4                OffLeds
 .text.SetPixel
                0x000296d4       0x5c _build/nrf52832_xxaa/LedPatterns.c.o
                0x000296d4                SetPixel
 .text.SetAll   0x00029730       0x58 _build/nrf52832_xxaa/LedPatterns.c.o
                0x00029730                SetAll
 .text.FadeInOut
                0x00029788      0x114 _build/nrf52832_xxaa/LedPatterns.c.o
                0x00029788                FadeInOut
 .text.Cyclon   0x0002989c       0xac _build/nrf52832_xxaa/LedPatterns.c.o
                0x0002989c                Cyclon
 .text.Flash    0x00029948       0xf4 _build/nrf52832_xxaa/LedPatterns.c.o
                0x00029948                Flash
 .text.FlashFadeInOut
                0x00029a3c      0x584 _build/nrf52832_xxaa/LedPatterns.c.o
                0x00029a3c                FlashFadeInOut
 .text.Wipe     0x00029fc0      0x148 _build/nrf52832_xxaa/LedPatterns.c.o
                0x00029fc0                Wipe
 .text.Ring     0x0002a108      0x250 _build/nrf52832_xxaa/LedPatterns.c.o
                0x0002a108                Ring
 .text.ramp_down
                0x0002a358       0x64 _build/nrf52832_xxaa/drv_Buzzer.c.o
 .text.seq0_buffer_update
                0x0002a3bc      0x11c _build/nrf52832_xxaa/drv_Buzzer.c.o
 .text.seq1_buffer_update
                0x0002a4d8      0x120 _build/nrf52832_xxaa/drv_Buzzer.c.o
 .text.pwm_handler
                0x0002a5f8       0x58 _build/nrf52832_xxaa/drv_Buzzer.c.o
 .text.drv_speaker_tone_start
                0x0002a650      0x16c _build/nrf52832_xxaa/drv_Buzzer.c.o
                0x0002a650                drv_speaker_tone_start
 .text.drv_speaker_init
                0x0002a7bc       0x84 _build/nrf52832_xxaa/drv_Buzzer.c.o
                0x0002a7bc                drv_speaker_init
 .text.InitSongStruct
                0x0002a840       0x78 _build/nrf52832_xxaa/SongPatterns.c.o
                0x0002a840                InitSongStruct
 .text.PlayMusic
                0x0002a8b8       0x68 _build/nrf52832_xxaa/SongPatterns.c.o
                0x0002a8b8                PlayMusic
 .text.nrf_delay_us
                0x0002a920       0xa8 _build/nrf52832_xxaa/i2s_ws2812b_drive.c.o
 .text.i2s_ws2812b_drive_set_buff
                0x0002a9c8       0xd4 _build/nrf52832_xxaa/i2s_ws2812b_drive.c.o
                0x0002a9c8                i2s_ws2812b_drive_set_buff
 .text.i2s_ws2812b_drive_handler
                0x0002aa9c       0x5c _build/nrf52832_xxaa/i2s_ws2812b_drive.c.o
                0x0002aa9c                i2s_ws2812b_drive_handler
 .text.i2s_ws2812b_drive_xfer
                0x0002aaf8      0x160 _build/nrf52832_xxaa/i2s_ws2812b_drive.c.o
                0x0002aaf8                i2s_ws2812b_drive_xfer
 .text.NVIC_DisableIRQ
                0x0002ac58       0x34 _build/nrf52832_xxaa/nrf_drv_i2s.c.o
 .text.nrf_i2s_task_trigger
                0x0002ac8c       0x20 _build/nrf52832_xxaa/nrf_drv_i2s.c.o
 .text.nrf_i2s_event_clear
                0x0002acac       0x2c _build/nrf52832_xxaa/nrf_drv_i2s.c.o
 .text.nrf_i2s_event_check
                0x0002acd8       0x2c _build/nrf52832_xxaa/nrf_drv_i2s.c.o
 .text.nrf_i2s_int_enable
                0x0002ad04       0x1c _build/nrf52832_xxaa/nrf_drv_i2s.c.o
 .text.nrf_i2s_int_disable
                0x0002ad20       0x1c _build/nrf52832_xxaa/nrf_drv_i2s.c.o
 .text.nrf_i2s_enable
                0x0002ad3c       0x1c _build/nrf52832_xxaa/nrf_drv_i2s.c.o
 .text.nrf_i2s_disable
                0x0002ad58       0x1c _build/nrf52832_xxaa/nrf_drv_i2s.c.o
 .text.nrf_i2s_pins_set
                0x0002ad74       0x40 _build/nrf52832_xxaa/nrf_drv_i2s.c.o
 .text.nrf_i2s_configure
                0x0002adb4       0xb4 _build/nrf52832_xxaa/nrf_drv_i2s.c.o
 .text.nrf_i2s_transfer_set
                0x0002ae68       0x58 _build/nrf52832_xxaa/nrf_drv_i2s.c.o
 .text.nrf_i2s_rx_buffer_set
                0x0002aec0       0x1c _build/nrf52832_xxaa/nrf_drv_i2s.c.o
 .text.nrf_i2s_rx_buffer_get
                0x0002aedc       0x1c _build/nrf52832_xxaa/nrf_drv_i2s.c.o
 .text.nrf_i2s_tx_buffer_set
                0x0002aef8       0x1c _build/nrf52832_xxaa/nrf_drv_i2s.c.o
 .text.nrf_i2s_tx_buffer_get
                0x0002af14       0x1c _build/nrf52832_xxaa/nrf_drv_i2s.c.o
 .text.nrf_drv_common_irq_disable
                0x0002af30       0x1c _build/nrf52832_xxaa/nrf_drv_i2s.c.o
 .text.nrf_drv_is_in_RAM
                0x0002af4c       0x28 _build/nrf52832_xxaa/nrf_drv_i2s.c.o
 .text.nrf_gpio_pin_port_decode
                0x0002af74       0x18 _build/nrf52832_xxaa/nrf_drv_i2s.c.o
 .text.nrf_gpio_cfg
                0x0002af8c       0x50 _build/nrf52832_xxaa/nrf_drv_i2s.c.o
 .text.nrf_gpio_cfg_output
                0x0002afdc       0x24 _build/nrf52832_xxaa/nrf_drv_i2s.c.o
 .text.nrf_gpio_cfg_input
                0x0002b000       0x28 _build/nrf52832_xxaa/nrf_drv_i2s.c.o
 .text.configure_pins
                0x0002b028       0xbc _build/nrf52832_xxaa/nrf_drv_i2s.c.o
 .text.nrf_drv_i2s_init
                0x0002b0e4       0xa0 _build/nrf52832_xxaa/nrf_drv_i2s.c.o
                0x0002b0e4                nrf_drv_i2s_init
 .text.nrf_drv_i2s_uninit
                0x0002b184       0x1c _build/nrf52832_xxaa/nrf_drv_i2s.c.o
                0x0002b184                nrf_drv_i2s_uninit
 .text.nrf_drv_i2s_start
                0x0002b1a0      0x158 _build/nrf52832_xxaa/nrf_drv_i2s.c.o
                0x0002b1a0                nrf_drv_i2s_start
 .text.nrf_drv_i2s_stop
                0x0002b2f8       0x2c _build/nrf52832_xxaa/nrf_drv_i2s.c.o
                0x0002b2f8                nrf_drv_i2s_stop
 .text.I2S_IRQHandler
                0x0002b324      0x1a0 _build/nrf52832_xxaa/nrf_drv_i2s.c.o
                0x0002b324                I2S_IRQHandler
 .text._DoInit  0x0002b4c4       0x9c _build/nrf52832_xxaa/SEGGER_RTT.c.o
 .text._WriteBlocking
                0x0002b560       0xb4 _build/nrf52832_xxaa/SEGGER_RTT.c.o
 .text._WriteNoCheck
                0x0002b614       0x80 _build/nrf52832_xxaa/SEGGER_RTT.c.o
 .text._GetAvailWriteSpace
                0x0002b694       0x48 _build/nrf52832_xxaa/SEGGER_RTT.c.o
 .text.SEGGER_RTT_WriteNoLock
                0x0002b6dc       0x9c _build/nrf52832_xxaa/SEGGER_RTT.c.o
                0x0002b6dc                SEGGER_RTT_WriteNoLock
 .text.SEGGER_RTT_Init
                0x0002b778        0xc _build/nrf52832_xxaa/SEGGER_RTT.c.o
                0x0002b778                SEGGER_RTT_Init
 .text.sd_ble_gap_addr_get
                0x0002b784        0x8 _build/nrf52832_xxaa/ble_advdata.c.o
 .text.sd_ble_gap_adv_data_set
                0x0002b78c        0x8 _build/nrf52832_xxaa/ble_advdata.c.o
 .text.sd_ble_gap_appearance_get
                0x0002b794        0x8 _build/nrf52832_xxaa/ble_advdata.c.o
 .text.sd_ble_gap_device_name_get
                0x0002b79c        0x8 _build/nrf52832_xxaa/ble_advdata.c.o
 .text.sd_ble_uuid_encode
                0x0002b7a4        0x8 _build/nrf52832_xxaa/ble_advdata.c.o
 .text.uint16_encode
                0x0002b7ac       0x30 _build/nrf52832_xxaa/ble_advdata.c.o
 .text.ble_device_addr_encode
                0x0002b7dc       0xd0 _build/nrf52832_xxaa/ble_advdata.c.o
 .text.name_encode
                0x0002b8ac      0x11c _build/nrf52832_xxaa/ble_advdata.c.o
 .text.appearance_encode
                0x0002b9c8       0x98 _build/nrf52832_xxaa/ble_advdata.c.o
 .text.flags_encode
                0x0002ba60       0x80 _build/nrf52832_xxaa/ble_advdata.c.o
 .text.tx_power_level_encode
                0x0002bae0       0x80 _build/nrf52832_xxaa/ble_advdata.c.o
 .text.uuid_list_sized_encode
                0x0002bb60      0x140 _build/nrf52832_xxaa/ble_advdata.c.o
 .text.uuid_list_encode
                0x0002bca0       0x60 _build/nrf52832_xxaa/ble_advdata.c.o
 .text.conn_int_check
                0x0002bd00       0x84 _build/nrf52832_xxaa/ble_advdata.c.o
 .text.conn_int_encode
                0x0002bd84       0xc0 _build/nrf52832_xxaa/ble_advdata.c.o
 .text.manuf_specific_data_encode
                0x0002be44       0xe4 _build/nrf52832_xxaa/ble_advdata.c.o
 .text.service_data_encode
                0x0002bf28      0x104 _build/nrf52832_xxaa/ble_advdata.c.o
 .text.ble_advdata_encode
                0x0002c02c      0x1cc _build/nrf52832_xxaa/ble_advdata.c.o
                0x0002c02c                ble_advdata_encode
 .text.advdata_check
                0x0002c1f8       0x28 _build/nrf52832_xxaa/ble_advdata.c.o
 .text.srdata_check
                0x0002c220       0x24 _build/nrf52832_xxaa/ble_advdata.c.o
 .text.ble_advdata_set
                0x0002c244       0xc8 _build/nrf52832_xxaa/ble_advdata.c.o
                0x0002c244                ble_advdata_set
 .text.sd_ble_gap_adv_start
                0x0002c30c        0x8 _build/nrf52832_xxaa/ble_advertising.c.o
 .text.whitelist_has_entries
                0x0002c314       0x1c _build/nrf52832_xxaa/ble_advertising.c.o
 .text.addr_is_valid
                0x0002c330       0x38 _build/nrf52832_xxaa/ble_advertising.c.o
 .text.adv_mode_next_get
                0x0002c368       0x34 _build/nrf52832_xxaa/ble_advertising.c.o
 .text.on_connected
                0x0002c39c       0x28 _build/nrf52832_xxaa/ble_advertising.c.o
 .text.on_disconnected
                0x0002c3c4       0x58 _build/nrf52832_xxaa/ble_advertising.c.o
 .text.on_timeout
                0x0002c41c       0x4c _build/nrf52832_xxaa/ble_advertising.c.o
 .text.flash_access_in_progress
                0x0002c468       0x10 _build/nrf52832_xxaa/ble_advertising.c.o
 .text.adv_mode_next_avail_get
                0x0002c478       0x80 _build/nrf52832_xxaa/ble_advertising.c.o
 .text.set_adv_mode_directed
                0x0002c4f8       0x3c _build/nrf52832_xxaa/ble_advertising.c.o
 .text.set_adv_mode_directed_slow
                0x0002c534       0x44 _build/nrf52832_xxaa/ble_advertising.c.o
 .text.set_adv_mode_fast
                0x0002c578       0x80 _build/nrf52832_xxaa/ble_advertising.c.o
 .text.set_adv_mode_slow
                0x0002c5f8       0x80 _build/nrf52832_xxaa/ble_advertising.c.o
 .text.ble_advertising_conn_cfg_tag_set
                0x0002c678       0x20 _build/nrf52832_xxaa/ble_advertising.c.o
                0x0002c678                ble_advertising_conn_cfg_tag_set
 .text.ble_advertising_init
                0x0002c698      0x224 _build/nrf52832_xxaa/ble_advertising.c.o
                0x0002c698                ble_advertising_init
 .text.ble_advertising_start
                0x0002c8bc      0x1d0 _build/nrf52832_xxaa/ble_advertising.c.o
                0x0002c8bc                ble_advertising_start
 .text.ble_advertising_on_ble_evt
                0x0002ca8c       0x44 _build/nrf52832_xxaa/ble_advertising.c.o
                0x0002ca8c                ble_advertising_on_ble_evt
 .text.ble_advertising_on_sys_evt
                0x0002cad0       0x58 _build/nrf52832_xxaa/ble_advertising.c.o
                0x0002cad0                ble_advertising_on_sys_evt
 .text.sd_ble_gap_conn_param_update
                0x0002cb28        0x8 _build/nrf52832_xxaa/ble_conn_params.c.o
 .text.sd_ble_gap_disconnect
                0x0002cb30        0x8 _build/nrf52832_xxaa/ble_conn_params.c.o
 .text.sd_ble_gap_ppcp_set
                0x0002cb38        0x8 _build/nrf52832_xxaa/ble_conn_params.c.o
 .text.sd_ble_gap_ppcp_get
                0x0002cb40        0x8 _build/nrf52832_xxaa/ble_conn_params.c.o
 .text.instance_get
                0x0002cb48       0x54 _build/nrf52832_xxaa/ble_conn_params.c.o
 .text.instance_claim
                0x0002cb9c       0x38 _build/nrf52832_xxaa/ble_conn_params.c.o
 .text.instance_free
                0x0002cbd4       0x1c _build/nrf52832_xxaa/ble_conn_params.c.o
 .text.is_conn_params_ok
                0x0002cbf0       0xc0 _build/nrf52832_xxaa/ble_conn_params.c.o
 .text.send_error_evt
                0x0002ccb0       0x24 _build/nrf52832_xxaa/ble_conn_params.c.o
 .text.send_update_request
                0x0002ccd4       0x40 _build/nrf52832_xxaa/ble_conn_params.c.o
 .text.update_timeout_handler
                0x0002cd14       0xac _build/nrf52832_xxaa/ble_conn_params.c.o
 .text.ble_conn_params_init
                0x0002cdc0       0xd8 _build/nrf52832_xxaa/ble_conn_params.c.o
                0x0002cdc0                ble_conn_params_init
 .text.conn_params_negotiation
                0x0002ce98       0x78 _build/nrf52832_xxaa/ble_conn_params.c.o
 .text.on_connect
                0x0002cf10       0x7c _build/nrf52832_xxaa/ble_conn_params.c.o
 .text.on_disconnect
                0x0002cf8c       0x44 _build/nrf52832_xxaa/ble_conn_params.c.o
 .text.on_write
                0x0002cfd0       0x78 _build/nrf52832_xxaa/ble_conn_params.c.o
 .text.on_conn_params_update
                0x0002d048       0x50 _build/nrf52832_xxaa/ble_conn_params.c.o
 .text.ble_evt_handler
                0x0002d098       0x4c _build/nrf52832_xxaa/ble_conn_params.c.o
 .text.record_activate
                0x0002d0e4       0x6c _build/nrf52832_xxaa/ble_conn_state.c.o
 .text.record_invalidate
                0x0002d150       0x2c _build/nrf52832_xxaa/ble_conn_state.c.o
 .text.record_set_disconnected
                0x0002d17c       0x28 _build/nrf52832_xxaa/ble_conn_state.c.o
 .text.record_purge_disconnected
                0x0002d1a4       0x70 _build/nrf52832_xxaa/ble_conn_state.c.o
 .text.ble_evt_handler
                0x0002d214       0xc0 _build/nrf52832_xxaa/ble_conn_state.c.o
 .text.uint16_decode
                0x0002d2d4       0x2c _build/nrf52832_xxaa/ble_srv_common.c.o
 .text.ble_srv_is_notification_enabled
                0x0002d300       0x2c _build/nrf52832_xxaa/ble_srv_common.c.o
                0x0002d300                ble_srv_is_notification_enabled
 .text.sd_ble_gap_data_length_update
                0x0002d32c        0x8 _build/nrf52832_xxaa/nrf_ble_gatt.c.o
 .text.sd_ble_gattc_exchange_mtu_request
                0x0002d334        0x8 _build/nrf52832_xxaa/nrf_ble_gatt.c.o
 .text.sd_ble_gatts_exchange_mtu_reply
                0x0002d33c        0x8 _build/nrf52832_xxaa/nrf_ble_gatt.c.o
 .text.link_init
                0x0002d344       0x38 _build/nrf52832_xxaa/nrf_ble_gatt.c.o
 .text.data_length_update
                0x0002d37c       0x70 _build/nrf52832_xxaa/nrf_ble_gatt.c.o
 .text.on_connected_evt
                0x0002d3ec       0xb8 _build/nrf52832_xxaa/nrf_ble_gatt.c.o
 .text.on_disconnected_evt
                0x0002d4a4       0x24 _build/nrf52832_xxaa/nrf_ble_gatt.c.o
 .text.on_exchange_mtu_rsp_evt
                0x0002d4c8       0x84 _build/nrf52832_xxaa/nrf_ble_gatt.c.o
 .text.on_exchange_mtu_request_evt
                0x0002d54c       0xac _build/nrf52832_xxaa/nrf_ble_gatt.c.o
 .text.on_data_length_update_evt
                0x0002d5f8       0x78 _build/nrf52832_xxaa/nrf_ble_gatt.c.o
 .text.on_data_length_update_request_evt
                0x0002d670       0x84 _build/nrf52832_xxaa/nrf_ble_gatt.c.o
 .text.nrf_ble_gatt_init
                0x0002d6f4       0x58 _build/nrf52832_xxaa/nrf_ble_gatt.c.o
                0x0002d6f4                nrf_ble_gatt_init
 .text.nrf_ble_gatt_att_mtu_periph_set
                0x0002d74c       0x3c _build/nrf52832_xxaa/nrf_ble_gatt.c.o
                0x0002d74c                nrf_ble_gatt_att_mtu_periph_set
 .text.nrf_ble_gatt_on_ble_evt
                0x0002d788       0xe8 _build/nrf52832_xxaa/nrf_ble_gatt.c.o
                0x0002d788                nrf_ble_gatt_on_ble_evt
 .text          0x0002d870       0x3c _build/nrf52832_xxaa/gcc_startup_nrf52.S.o
                0x0002d870                Reset_Handler
                0x0002d898                NMI_Handler
                0x0002d89a                HardFault_Handler
                0x0002d89c                MemoryManagement_Handler
                0x0002d89e                BusFault_Handler
                0x0002d8a0                UsageFault_Handler
                0x0002d8a2                SVC_Handler
                0x0002d8a4                DebugMon_Handler
                0x0002d8a6                PendSV_Handler
                0x0002d8aa                TIMER2_IRQHandler
                0x0002d8aa                RTC0_IRQHandler
                0x0002d8aa                RADIO_IRQHandler
                0x0002d8aa                PDM_IRQHandler
                0x0002d8aa                TEMP_IRQHandler
                0x0002d8aa                QDEC_IRQHandler
                0x0002d8aa                TIMER3_IRQHandler
                0x0002d8aa                FPU_IRQHandler
                0x0002d8aa                SPIM0_SPIS0_TWIM0_TWIS0_SPI0_TWI0_IRQHandler
                0x0002d8aa                TIMER4_IRQHandler
                0x0002d8aa                SWI4_EGU4_IRQHandler
                0x0002d8aa                TIMER0_IRQHandler
                0x0002d8aa                TIMER1_IRQHandler
                0x0002d8aa                ECB_IRQHandler
                0x0002d8aa                SPIM1_SPIS1_TWIM1_TWIS1_SPI1_TWI1_IRQHandler
                0x0002d8aa                Default_Handler
                0x0002d8aa                SAADC_IRQHandler
                0x0002d8aa                CCM_AAR_IRQHandler
                0x0002d8aa                WDT_IRQHandler
                0x0002d8aa                SWI5_EGU5_IRQHandler
                0x0002d8aa                RNG_IRQHandler
                0x0002d8aa                RTC2_IRQHandler
                0x0002d8aa                SWI3_EGU3_IRQHandler
                0x0002d8aa                SWI1_EGU1_IRQHandler
                0x0002d8aa                SPIM2_SPIS2_SPI2_IRQHandler
                0x0002d8aa                NFCT_IRQHandler
                0x0002d8aa                MWU_IRQHandler
                0x0002d8aa                COMP_LPCOMP_IRQHandler
 .text.NVIC_SystemReset
                0x0002d8ac       0x28 _build/nrf52832_xxaa/system_nrf52.c.o
 .text.SystemCoreClockUpdate
                0x0002d8d4       0x1c _build/nrf52832_xxaa/system_nrf52.c.o
                0x0002d8d4                SystemCoreClockUpdate
 .text.SystemInit
                0x0002d8f0      0x2bc _build/nrf52832_xxaa/system_nrf52.c.o
                0x0002d8f0                SystemInit
 .text.errata_12
                0x0002dbac       0x64 _build/nrf52832_xxaa/system_nrf52.c.o
 .text.errata_16
                0x0002dc10       0x44 _build/nrf52832_xxaa/system_nrf52.c.o
 .text.errata_31
                0x0002dc54       0x64 _build/nrf52832_xxaa/system_nrf52.c.o
 .text.errata_32
                0x0002dcb8       0x44 _build/nrf52832_xxaa/system_nrf52.c.o
 .text.errata_36
                0x0002dcfc       0x64 _build/nrf52832_xxaa/system_nrf52.c.o
 .text.errata_37
                0x0002dd60       0x44 _build/nrf52832_xxaa/system_nrf52.c.o
 .text.errata_57
                0x0002dda4       0x44 _build/nrf52832_xxaa/system_nrf52.c.o
 .text.errata_66
                0x0002dde8       0x44 _build/nrf52832_xxaa/system_nrf52.c.o
 .text.errata_108
                0x0002de2c       0x64 _build/nrf52832_xxaa/system_nrf52.c.o
 .text.errata_136
                0x0002de90       0x64 _build/nrf52832_xxaa/system_nrf52.c.o
 .text.sd_ble_gatts_service_add
                0x0002def4        0x8 _build/nrf52832_xxaa/ble_nus.c.o
 .text.sd_ble_gatts_characteristic_add
                0x0002defc        0x8 _build/nrf52832_xxaa/ble_nus.c.o
 .text.sd_ble_uuid_vs_add
                0x0002df04        0x8 _build/nrf52832_xxaa/ble_nus.c.o
 .text.on_connect
                0x0002df0c       0x1c _build/nrf52832_xxaa/ble_nus.c.o
 .text.on_disconnect
                0x0002df28       0x1c _build/nrf52832_xxaa/ble_nus.c.o
 .text.on_write
                0x0002df44       0x94 _build/nrf52832_xxaa/ble_nus.c.o
 .text.tx_char_add
                0x0002dfd8      0x134 _build/nrf52832_xxaa/ble_nus.c.o
 .text.rx_char_add
                0x0002e10c       0xec _build/nrf52832_xxaa/ble_nus.c.o
 .text.ble_nus_on_ble_evt
                0x0002e1f8       0x90 _build/nrf52832_xxaa/ble_nus.c.o
                0x0002e1f8                ble_nus_on_ble_evt
 .text.ble_nus_init
                0x0002e288       0xbc _build/nrf52832_xxaa/ble_nus.c.o
                0x0002e288                ble_nus_init
 .text.NVIC_EnableIRQ
                0x0002e344       0x30 _build/nrf52832_xxaa/nrf_sdh.c.o
 .text.NVIC_DisableIRQ
                0x0002e374       0x34 _build/nrf52832_xxaa/nrf_sdh.c.o
 .text.NVIC_SetPriority
                0x0002e3a8       0x54 _build/nrf52832_xxaa/nrf_sdh.c.o
 .text.NVIC_GetPriority
                0x0002e3fc       0x50 _build/nrf52832_xxaa/nrf_sdh.c.o
 .text.nrf_section_iter_get
                0x0002e44c       0x18 _build/nrf52832_xxaa/nrf_sdh.c.o
 .text.sd_softdevice_enable
                0x0002e464        0x8 _build/nrf52832_xxaa/nrf_sdh.c.o
 .text.sd_softdevice_disable
                0x0002e46c        0x8 _build/nrf52832_xxaa/nrf_sdh.c.o
 .text.__sd_nvic_app_accessible_irq
                0x0002e474       0x60 _build/nrf52832_xxaa/nrf_sdh.c.o
 .text.__sd_nvic_is_app_accessible_priority
                0x0002e4d4       0x38 _build/nrf52832_xxaa/nrf_sdh.c.o
 .text.sd_nvic_EnableIRQ
                0x0002e50c       0x88 _build/nrf52832_xxaa/nrf_sdh.c.o
 .text.sd_nvic_DisableIRQ
                0x0002e594       0x6c _build/nrf52832_xxaa/nrf_sdh.c.o
 .text.sd_nvic_SetPriority
                0x0002e600       0x4c _build/nrf52832_xxaa/nrf_sdh.c.o
 .text.sdh_request_observer_notify
                0x0002e64c       0x6c _build/nrf52832_xxaa/nrf_sdh.c.o
 .text.sdh_state_observer_notify
                0x0002e6b8       0x5c _build/nrf52832_xxaa/nrf_sdh.c.o
 .text.softdevices_evt_irq_enable
                0x0002e714       0x24 _build/nrf52832_xxaa/nrf_sdh.c.o
 .text.softdevice_evt_irq_disable
                0x0002e738       0x24 _build/nrf52832_xxaa/nrf_sdh.c.o
 .text.swi_interrupt_priority_workaround
                0x0002e75c       0x40 _build/nrf52832_xxaa/nrf_sdh.c.o
 .text.nrf_sdh_enable_request
                0x0002e79c       0x8c _build/nrf52832_xxaa/nrf_sdh.c.o
                0x0002e79c                nrf_sdh_enable_request
 .text.nrf_sdh_disable_request
                0x0002e828       0x6c _build/nrf52832_xxaa/nrf_sdh.c.o
                0x0002e828                nrf_sdh_disable_request
 .text.nrf_sdh_request_continue
                0x0002e894       0x38 _build/nrf52832_xxaa/nrf_sdh.c.o
                0x0002e894                nrf_sdh_request_continue
 .text.nrf_sdh_is_enabled
                0x0002e8cc       0x18 _build/nrf52832_xxaa/nrf_sdh.c.o
                0x0002e8cc                nrf_sdh_is_enabled
 .text.nrf_sdh_evts_poll
                0x0002e8e4       0x4c _build/nrf52832_xxaa/nrf_sdh.c.o
                0x0002e8e4                nrf_sdh_evts_poll
 .text.SWI2_EGU2_IRQHandler
                0x0002e930        0xc _build/nrf52832_xxaa/nrf_sdh.c.o
                0x0002e930                SWI2_EGU2_IRQHandler
 .text.sd_ble_enable
                0x0002e93c        0x8 _build/nrf52832_xxaa/nrf_sdh_ble.c.o
 .text.sd_ble_cfg_set
                0x0002e944        0x8 _build/nrf52832_xxaa/nrf_sdh_ble.c.o
 .text.sd_ble_evt_get
                0x0002e94c        0x8 _build/nrf52832_xxaa/nrf_sdh_ble.c.o
 .text.nrf_section_iter_get
                0x0002e954       0x18 _build/nrf52832_xxaa/nrf_sdh_ble.c.o
 .text.nrf_sdh_ble_app_ram_start_get
                0x0002e96c       0x2c _build/nrf52832_xxaa/nrf_sdh_ble.c.o
                0x0002e96c                nrf_sdh_ble_app_ram_start_get
 .text.nrf_sdh_ble_default_cfg_set
                0x0002e998      0x210 _build/nrf52832_xxaa/nrf_sdh_ble.c.o
                0x0002e998                nrf_sdh_ble_default_cfg_set
 .text.ram_end_address_get
                0x0002eba8       0x24 _build/nrf52832_xxaa/nrf_sdh_ble.c.o
 .text.nrf_sdh_ble_enable
                0x0002ebcc       0x94 _build/nrf52832_xxaa/nrf_sdh_ble.c.o
                0x0002ebcc                nrf_sdh_ble_enable
 .text.nrf_sdh_ble_evts_poll
                0x0002ec60       0xa8 _build/nrf52832_xxaa/nrf_sdh_ble.c.o
 .text.nrf_section_iter_get
                0x0002ed08       0x18 _build/nrf52832_xxaa/nrf_sdh_soc.c.o
 .text.sd_evt_get
                0x0002ed20        0x8 _build/nrf52832_xxaa/nrf_sdh_soc.c.o
 .text.nrf_sdh_soc_evts_poll
                0x0002ed28       0x7c _build/nrf52832_xxaa/nrf_sdh_soc.c.o
 .text.arm_sin_f32
                0x0002eda4       0x88 /home/dani/workspace/nrf5x/nRF5_SDK_14.2.0_17b948a/components/toolchain/cmsis/dsp/GCC/libarm_cortexM4lf_math.a(arm_sin_f32.o)
                0x0002eda4                arm_sin_f32
 .text.exit     0x0002ee2c       0x28 /usr/local/gcc-arm-none-eabi-4_9-2015q3/bin/../lib/gcc/arm-none-eabi/4.9.3/../../../../arm-none-eabi/lib/armv7e-m/fpu/libc_nano.a(lib_a-exit.o)
                0x0002ee2c                exit
 .text.__libc_init_array
                0x0002ee54       0x4c /usr/local/gcc-arm-none-eabi-4_9-2015q3/bin/../lib/gcc/arm-none-eabi/4.9.3/../../../../arm-none-eabi/lib/armv7e-m/fpu/libc_nano.a(lib_a-init.o)
                0x0002ee54                __libc_init_array
 .text.memcpy   0x0002eea0       0x16 /usr/local/gcc-arm-none-eabi-4_9-2015q3/bin/../lib/gcc/arm-none-eabi/4.9.3/../../../../arm-none-eabi/lib/armv7e-m/fpu/libc_nano.a(lib_a-memcpy.o)
                0x0002eea0                memcpy
 .text.memset   0x0002eeb6       0x10 /usr/local/gcc-arm-none-eabi-4_9-2015q3/bin/../lib/gcc/arm-none-eabi/4.9.3/../../../../arm-none-eabi/lib/armv7e-m/fpu/libc_nano.a(lib_a-memset.o)
                0x0002eeb6                memset
 .text.strcpy   0x0002eec6       0x10 /usr/local/gcc-arm-none-eabi-4_9-2015q3/bin/../lib/gcc/arm-none-eabi/4.9.3/../../../../arm-none-eabi/lib/armv7e-m/fpu/libc_nano.a(lib_a-strcpy.o)
                0x0002eec6                strcpy
 .text.strlen   0x0002eed6       0x10 /usr/local/gcc-arm-none-eabi-4_9-2015q3/bin/../lib/gcc/arm-none-eabi/4.9.3/../../../../arm-none-eabi/lib/armv7e-m/fpu/libc_nano.a(lib_a-strlen.o)
                0x0002eed6                strlen
 *fill*         0x0002eee6        0x2 
 .text._exit    0x0002eee8        0x4 /usr/local/gcc-arm-none-eabi-4_9-2015q3/bin/../lib/gcc/arm-none-eabi/4.9.3/../../../../arm-none-eabi/lib/armv7e-m/fpu/libnosys.a(_exit.o)
                0x0002eee8                _exit
 .text          0x0002eeec       0x30 /usr/local/gcc-arm-none-eabi-4_9-2015q3/bin/../lib/gcc/arm-none-eabi/4.9.3/armv7e-m/fpu/libgcc.a(_aeabi_uldivmod.o)
                0x0002eeec                __aeabi_uldivmod
 .text          0x0002ef1c       0x60 /usr/local/gcc-arm-none-eabi-4_9-2015q3/bin/../lib/gcc/arm-none-eabi/4.9.3/armv7e-m/fpu/libgcc.a(bpabi.o)
                0x0002ef1c                __gnu_ldivmod_helper
                0x0002ef4c                __gnu_uldivmod_helper
 .text          0x0002ef7c        0x4 /usr/local/gcc-arm-none-eabi-4_9-2015q3/bin/../lib/gcc/arm-none-eabi/4.9.3/armv7e-m/fpu/libgcc.a(_dvmd_tls.o)
                0x0002ef7c                __aeabi_ldiv0
                0x0002ef7c                __aeabi_idiv0
 .text          0x0002ef80      0x29c /usr/local/gcc-arm-none-eabi-4_9-2015q3/bin/../lib/gcc/arm-none-eabi/4.9.3/armv7e-m/fpu/libgcc.a(_divdi3.o)
                0x0002ef80                __divdi3
 .text          0x0002f21c      0x26c /usr/local/gcc-arm-none-eabi-4_9-2015q3/bin/../lib/gcc/arm-none-eabi/4.9.3/armv7e-m/fpu/libgcc.a(_udivdi3.o)
                0x0002f21c                __udivdi3
 *(.init)
 .init          0x0002f488        0x4 /usr/local/gcc-arm-none-eabi-4_9-2015q3/bin/../lib/gcc/arm-none-eabi/4.9.3/armv7e-m/fpu/crti.o
                0x0002f488                _init
 .init          0x0002f48c        0x8 /usr/local/gcc-arm-none-eabi-4_9-2015q3/bin/../lib/gcc/arm-none-eabi/4.9.3/armv7e-m/fpu/crtn.o
 *(.fini)
 .fini          0x0002f494        0x4 /usr/local/gcc-arm-none-eabi-4_9-2015q3/bin/../lib/gcc/arm-none-eabi/4.9.3/armv7e-m/fpu/crti.o
                0x0002f494                _fini
 .fini          0x0002f498        0x8 /usr/local/gcc-arm-none-eabi-4_9-2015q3/bin/../lib/gcc/arm-none-eabi/4.9.3/armv7e-m/fpu/crtn.o
 *crtbegin.o(.ctors)
 *crtbegin?.o(.ctors)
 *(EXCLUDE_FILE(*crtend.o *crtend?.o) .ctors)
 *(SORT(.ctors.*))
 *(.ctors)
 *crtbegin.o(.dtors)
 *crtbegin?.o(.dtors)
 *(EXCLUDE_FILE(*crtend.o *crtend?.o) .dtors)
 *(SORT(.dtors.*))
 *(.dtors)
 *(.rodata*)
 .rodata.nrf_log_backend_rtt_api
                0x0002f4a0        0xc _build/nrf52832_xxaa/nrf_log_backend_rtt.c.o
                0x0002f4a0                nrf_log_backend_rtt_api
 .rodata.mempool
                0x0002f4ac       0x14 _build/nrf52832_xxaa/nrf_log_frontend.c.o
 .rodata        0x0002f4c0       0x10 _build/nrf52832_xxaa/nrf_log_frontend.c.o
 .rodata        0x0002f4d0       0x92 _build/nrf52832_xxaa/nrf_log_str_formatter.c.o
 *fill*         0x0002f562        0x2 
 .rodata        0x0002f564       0x19 _build/nrf52832_xxaa/app_error_weak.c.o
 *fill*         0x0002f57d        0x3 
 .rodata        0x0002f580        0x7 _build/nrf52832_xxaa/nrf_balloc.c.o
 *fill*         0x0002f587        0x1 
 .rodata._aV2C.6815
                0x0002f588       0x10 _build/nrf52832_xxaa/nrf_fprintf_format.c.o
 .rodata        0x0002f598        0x9 _build/nrf52832_xxaa/nrf_pwr_mgmt.c.o
 *fill*         0x0002f5a1        0x3 
 .rodata.m_unknown_str
                0x0002f5a4       0x13 _build/nrf52832_xxaa/nrf_strerror.c.o
 *fill*         0x0002f5b7        0x1 
 .rodata        0x0002f5b8      0x308 _build/nrf52832_xxaa/nrf_strerror.c.o
 .rodata.nrf_strerror_array
                0x0002f8c0       0xf0 _build/nrf52832_xxaa/nrf_strerror.c.o
 .rodata.m_board_led_list
                0x0002f9b0        0x4 _build/nrf52832_xxaa/boards.c.o
 .rodata.m_board_btn_list
                0x0002f9b4        0x4 _build/nrf52832_xxaa/boards.c.o
 .rodata        0x0002f9b8        0x6 _build/nrf52832_xxaa/nrf_drv_clock.c.o
 *fill*         0x0002f9be        0x2 
 .rodata        0x0002f9c0        0x7 _build/nrf52832_xxaa/nrf_drv_gpiote.c.o
 *fill*         0x0002f9c7        0x1 
 .rodata        0x0002f9c8        0x5 _build/nrf52832_xxaa/nrf_drv_uart.c.o
 *fill*         0x0002f9cd        0x3 
 .rodata        0x0002f9d0        0x4 _build/nrf52832_xxaa/nrf_drv_pwm.c.o
 .rodata        0x0002f9d4       0x5c _build/nrf52832_xxaa/main.c.o
 .rodata.m_haptic_seq
                0x0002fa30       0x10 _build/nrf52832_xxaa/main.c.o
                0x0002fa30                m_haptic_seq
 .rodata.ramp_down_dat
                0x0002fa40       0x14 _build/nrf52832_xxaa/drv_Buzzer.c.o
 .rodata        0x0002fa54        0xc _build/nrf52832_xxaa/drv_Buzzer.c.o
 .rodata.song1  0x0002fa60       0x1c _build/nrf52832_xxaa/SongPatterns.c.o
 .rodata.length_song1
                0x0002fa7c        0xe _build/nrf52832_xxaa/SongPatterns.c.o
 *fill*         0x0002fa8a        0x2 
 .rodata.song2  0x0002fa8c       0x34 _build/nrf52832_xxaa/SongPatterns.c.o
 .rodata.length_song2
                0x0002fac0       0x1a _build/nrf52832_xxaa/SongPatterns.c.o
 *fill*         0x0002fada        0x2 
 .rodata.song3  0x0002fadc       0x32 _build/nrf52832_xxaa/SongPatterns.c.o
 *fill*         0x0002fb0e        0x2 
 .rodata.length_song3
                0x0002fb10       0x19 _build/nrf52832_xxaa/SongPatterns.c.o
 *fill*         0x0002fb29        0x3 
 .rodata        0x0002fb2c       0x14 _build/nrf52832_xxaa/i2s_ws2812b_drive.c.o
 .rodata        0x0002fb40        0x4 _build/nrf52832_xxaa/nrf_drv_i2s.c.o
 .rodata.m_default_config
                0x0002fb44       0x14 _build/nrf52832_xxaa/nrf_drv_i2s.c.o
 .rodata        0x0002fb58       0x17 _build/nrf52832_xxaa/SEGGER_RTT.c.o
 *fill*         0x0002fb6f        0x1 
 .rodata        0x0002fb70      0x13c _build/nrf52832_xxaa/nrf_ble_gatt.c.o
 .rodata        0x0002fcac       0x10 _build/nrf52832_xxaa/ble_nus.c.o
 .rodata        0x0002fcbc        0xc _build/nrf52832_xxaa/nrf_sdh.c.o
 .rodata.sdh_req_observers
                0x0002fcc8        0xc _build/nrf52832_xxaa/nrf_sdh.c.o
 .rodata.sdh_state_observers
                0x0002fcd4        0xc _build/nrf52832_xxaa/nrf_sdh.c.o
 .rodata.sdh_stack_observers
                0x0002fce0        0xc _build/nrf52832_xxaa/nrf_sdh.c.o
 .rodata        0x0002fcec      0x24d _build/nrf52832_xxaa/nrf_sdh_ble.c.o
 *fill*         0x0002ff39        0x3 
 .rodata.sdh_ble_observers
                0x0002ff3c        0xc _build/nrf52832_xxaa/nrf_sdh_ble.c.o
 .rodata        0x0002ff48        0xc _build/nrf52832_xxaa/nrf_sdh_soc.c.o
 .rodata.sdh_soc_observers
                0x0002ff54        0xc _build/nrf52832_xxaa/nrf_sdh_soc.c.o
 .rodata.sinTable_f32
                0x0002ff60      0x804 /home/dani/workspace/nrf5x/nRF5_SDK_14.2.0_17b948a/components/toolchain/cmsis/dsp/GCC/libarm_cortexM4lf_math.a(arm_common_tables.o)
                0x0002ff60                sinTable_f32
 .rodata._ctype_
                0x00030764      0x101 /usr/local/gcc-arm-none-eabi-4_9-2015q3/bin/../lib/gcc/arm-none-eabi/4.9.3/../../../../arm-none-eabi/lib/armv7e-m/fpu/libc_nano.a(lib_a-ctype_.o)
                0x00030764                _ctype_
 .rodata.str1.1
                0x00030865        0x2 /usr/local/gcc-arm-none-eabi-4_9-2015q3/bin/../lib/gcc/arm-none-eabi/4.9.3/../../../../arm-none-eabi/lib/armv7e-m/fpu/libc_nano.a(lib_a-impure.o)
 *fill*         0x00030867        0x1 
 .rodata._global_impure_ptr
                0x00030868        0x4 /usr/local/gcc-arm-none-eabi-4_9-2015q3/bin/../lib/gcc/arm-none-eabi/4.9.3/../../../../arm-none-eabi/lib/armv7e-m/fpu/libc_nano.a(lib_a-impure.o)
                0x00030868                _global_impure_ptr
 *(.eh_frame*)
 .eh_frame      0x0003086c        0x0 /usr/local/gcc-arm-none-eabi-4_9-2015q3/bin/../lib/gcc/arm-none-eabi/4.9.3/armv7e-m/fpu/crtbegin.o
 .eh_frame      0x0003086c        0x4 /usr/local/gcc-arm-none-eabi-4_9-2015q3/bin/../lib/gcc/arm-none-eabi/4.9.3/armv7e-m/fpu/crtend.o

.glue_7         0x00030870        0x0
 .glue_7        0x00000000        0x0 linker stubs

.glue_7t        0x00030870        0x0
 .glue_7t       0x00000000        0x0 linker stubs

.vfp11_veneer   0x00030870        0x0
 .vfp11_veneer  0x00000000        0x0 linker stubs

.v4_bx          0x00030870        0x0
 .v4_bx         0x00000000        0x0 linker stubs

.iplt           0x00030870        0x0
 .iplt          0x00000000        0x0 /usr/local/gcc-arm-none-eabi-4_9-2015q3/bin/../lib/gcc/arm-none-eabi/4.9.3/armv7e-m/fpu/crtbegin.o

.mem_section_dummy_rom

.sdh_soc_observers
                0x00030870       0x18
                0x00030870                PROVIDE (__start_sdh_soc_observers, .)
 *(SORT(.sdh_soc_observers*))
 .sdh_soc_observers0
                0x00030870        0x8 _build/nrf52832_xxaa/nrf_fstorage_sd.c.o
 .sdh_soc_observers0
                0x00030878        0x8 _build/nrf52832_xxaa/nrf_drv_clock.c.o
 .sdh_soc_observers1
                0x00030880        0x8 _build/nrf52832_xxaa/main.c.o
                0x00030888                PROVIDE (__stop_sdh_soc_observers, .)

.sdh_ble_observers
                0x00030888       0x38
                0x00030888                PROVIDE (__start_sdh_ble_observers, .)
 *(SORT(.sdh_ble_observers*))
 .sdh_ble_observers0
                0x00030888        0x8 _build/nrf52832_xxaa/ble_conn_state.c.o
 .sdh_ble_observers1
                0x00030890        0x8 _build/nrf52832_xxaa/bsp_btn_ble.c.o
 .sdh_ble_observers1
                0x00030898       0x10 _build/nrf52832_xxaa/main.c.o
 .sdh_ble_observers1
                0x000308a8        0x8 _build/nrf52832_xxaa/ble_conn_params.c.o
 .sdh_ble_observers2
                0x000308b0        0x8 _build/nrf52832_xxaa/main.c.o
 .sdh_ble_observers3
                0x000308b8        0x8 _build/nrf52832_xxaa/main.c.o
                0x000308c0                PROVIDE (__stop_sdh_ble_observers, .)

.pwr_mgmt_data  0x000308c0        0x0
                0x000308c0                PROVIDE (__start_pwr_mgmt_data, .)
 *(SORT(.pwr_mgmt_data*))
                0x000308c0                PROVIDE (__stop_pwr_mgmt_data, .)

.log_const_data
                0x000308c0       0x60
                0x000308c0                PROVIDE (__start_log_const_data, .)
 *(SORT(.log_const_data*))
 .log_const_data_app
                0x000308c0        0x8 _build/nrf52832_xxaa/nrf_log_frontend.c.o
                0x000308c0                m_nrf_log_app_logs_data_const
 .log_const_data_balloc
                0x000308c8        0x8 _build/nrf52832_xxaa/nrf_balloc.c.o
                0x000308c8                m_nrf_log_balloc_logs_data_const
 .log_const_data_ble_gatt
                0x000308d0        0x8 _build/nrf52832_xxaa/nrf_ble_gatt.c.o
                0x000308d0                m_nrf_log_ble_gatt_logs_data_const
 .log_const_data_clock
                0x000308d8        0x8 _build/nrf52832_xxaa/nrf_drv_clock.c.o
                0x000308d8                m_nrf_log_clock_logs_data_const
 .log_const_data_gpiote
                0x000308e0        0x8 _build/nrf52832_xxaa/nrf_drv_gpiote.c.o
                0x000308e0                m_nrf_log_gpiote_logs_data_const
 .log_const_data_i2s
                0x000308e8        0x8 _build/nrf52832_xxaa/nrf_drv_i2s.c.o
                0x000308e8                m_nrf_log_i2s_logs_data_const
 .log_const_data_nrf_sdh
                0x000308f0        0x8 _build/nrf52832_xxaa/nrf_sdh.c.o
                0x000308f0                m_nrf_log_nrf_sdh_logs_data_const
 .log_const_data_nrf_sdh_ble
                0x000308f8        0x8 _build/nrf52832_xxaa/nrf_sdh_ble.c.o
                0x000308f8                m_nrf_log_nrf_sdh_ble_logs_data_const
 .log_const_data_nrf_sdh_soc
                0x00030900        0x8 _build/nrf52832_xxaa/nrf_sdh_soc.c.o
                0x00030900                m_nrf_log_nrf_sdh_soc_logs_data_const
 .log_const_data_pwm
                0x00030908        0x8 _build/nrf52832_xxaa/nrf_drv_pwm.c.o
                0x00030908                m_nrf_log_pwm_logs_data_const
 .log_const_data_pwr_mgmt
                0x00030910        0x8 _build/nrf52832_xxaa/nrf_pwr_mgmt.c.o
                0x00030910                m_nrf_log_pwr_mgmt_logs_data_const
 .log_const_data_uart
                0x00030918        0x8 _build/nrf52832_xxaa/nrf_drv_uart.c.o
                0x00030918                m_nrf_log_uart_logs_data_const
                0x00030920                PROVIDE (__stop_log_const_data, .)

.sdh_req_observers
                0x00030920        0x8
                0x00030920                PROVIDE (__start_sdh_req_observers, .)
 *(SORT(.sdh_req_observers*))
 .sdh_req_observers0
                0x00030920        0x8 _build/nrf52832_xxaa/nrf_fstorage_sd.c.o
                0x00030920                m_req_obs
                0x00030928                PROVIDE (__stop_sdh_req_observers, .)

.sdh_state_observers
                0x00030928       0x10
                0x00030928                PROVIDE (__start_sdh_state_observers, .)
 *(SORT(.sdh_state_observers*))
 .sdh_state_observers0
                0x00030928        0x8 _build/nrf52832_xxaa/nrf_fstorage_sd.c.o
 .sdh_state_observers0
                0x00030930        0x8 _build/nrf52832_xxaa/nrf_drv_clock.c.o
                0x00030938                PROVIDE (__stop_sdh_state_observers, .)

.sdh_stack_observers
                0x00030938       0x10
                0x00030938                PROVIDE (__start_sdh_stack_observers, .)
 *(SORT(.sdh_stack_observers*))
 .sdh_stack_observers0
                0x00030938        0x8 _build/nrf52832_xxaa/nrf_sdh_ble.c.o
 .sdh_stack_observers0
                0x00030940        0x8 _build/nrf52832_xxaa/nrf_sdh_soc.c.o
                0x00030948                PROVIDE (__stop_sdh_stack_observers, .)

.cli_command    0x00030948        0x0
                0x00030948                PROVIDE (__start_cli_command, .)
 *(.cli_command)
                0x00030948                PROVIDE (__stop_cli_command, .)

.ARM.extab
 *(.ARM.extab* .gnu.linkonce.armextab.*)
                0x00030948                __exidx_start = .

.ARM.exidx      0x00030948        0x8
 *(.ARM.exidx* .gnu.linkonce.armexidx.*)
 .ARM.exidx     0x00030948        0x8 /usr/local/gcc-arm-none-eabi-4_9-2015q3/bin/../lib/gcc/arm-none-eabi/4.9.3/../../../../arm-none-eabi/lib/armv7e-m/fpu/crt0.o
 .ARM.exidx     0x00030950        0x0 /usr/local/gcc-arm-none-eabi-4_9-2015q3/bin/../lib/gcc/arm-none-eabi/4.9.3/armv7e-m/fpu/libgcc.a(_divdi3.o)
                                  0x8 (size before relaxing)
 .ARM.exidx     0x00030950        0x0 /usr/local/gcc-arm-none-eabi-4_9-2015q3/bin/../lib/gcc/arm-none-eabi/4.9.3/armv7e-m/fpu/libgcc.a(_udivdi3.o)
                                  0x8 (size before relaxing)
                0x00030950                __exidx_end = .
                0x00030950                __etext = .

.rel.dyn        0x00030950        0x0
 .rel.iplt      0x00000000        0x0 /usr/local/gcc-arm-none-eabi-4_9-2015q3/bin/../lib/gcc/arm-none-eabi/4.9.3/armv7e-m/fpu/crtbegin.o

.data           0x20002a68       0xe0 load address 0x00030950
                0x20002a68                __data_start__ = .
 *(vtable)
 *(.data*)
 .data.rtt_log_backend
                0x20002a68        0xc _build/nrf52832_xxaa/nrf_log_default_backends.c.o
 .data.severity_names
                0x20002a74       0x14 _build/nrf52832_xxaa/nrf_log_str_formatter.c.o
 .data.m_colors
                0x20002a88       0x24 _build/nrf52832_xxaa/nrf_log_str_formatter.c.o
 .data.m_conn_handle
                0x20002aac        0x2 _build/nrf52832_xxaa/main.c.o
 .data.m_ble_nus_max_data_len
                0x20002aae        0x2 _build/nrf52832_xxaa/main.c.o
 .data.m_adv_uuids
                0x20002ab0        0x4 _build/nrf52832_xxaa/main.c.o
 .data.flag_off_leds
                0x20002ab4        0x1 _build/nrf52832_xxaa/main.c.o
                0x20002ab4                flag_off_leds
 *fill*         0x20002ab5        0x1 
 .data.m_duty_value
                0x20002ab6        0x2 _build/nrf52832_xxaa/main.c.o
                0x20002ab6                m_duty_value
 .data.m_pwm2   0x20002ab8        0x8 _build/nrf52832_xxaa/main.c.o
 .data.down_value.9421
                0x20002ac0        0x2 _build/nrf52832_xxaa/LedPatterns.c.o
 .data.index_led1.9434
                0x20002ac2        0x2 _build/nrf52832_xxaa/LedPatterns.c.o
 .data.down_value.9457
                0x20002ac4        0x2 _build/nrf52832_xxaa/LedPatterns.c.o
 .data.down_value.9480
                0x20002ac6        0x2 _build/nrf52832_xxaa/LedPatterns.c.o
 .data.index1.9490
                0x20002ac8        0x2 _build/nrf52832_xxaa/LedPatterns.c.o
 *fill*         0x20002aca        0x2 
 .data.m_speaker_pwm
                0x20002acc        0x8 _build/nrf52832_xxaa/drv_Buzzer.c.o
 .data.SystemCoreClock
                0x20002ad4        0x4 _build/nrf52832_xxaa/system_nrf52.c.o
                0x20002ad4                SystemCoreClock
 .data.__ctype_ptr__
                0x20002ad8        0x4 /usr/local/gcc-arm-none-eabi-4_9-2015q3/bin/../lib/gcc/arm-none-eabi/4.9.3/../../../../arm-none-eabi/lib/armv7e-m/fpu/libc_nano.a(lib_a-ctype_.o)
                0x20002ad8                __ctype_ptr__
 .data.impure_data
                0x20002adc       0x60 /usr/local/gcc-arm-none-eabi-4_9-2015q3/bin/../lib/gcc/arm-none-eabi/4.9.3/../../../../arm-none-eabi/lib/armv7e-m/fpu/libc_nano.a(lib_a-impure.o)
                0x20002b3c                . = ALIGN (0x4)
                0x20002b3c                PROVIDE (__preinit_array_start, .)
 *(.preinit_array)
                0x20002b3c                PROVIDE (__preinit_array_end, .)
                0x20002b3c                . = ALIGN (0x4)
                0x20002b3c                PROVIDE (__init_array_start, .)
 *(SORT(.init_array.*))
 *(.init_array)
 .init_array    0x20002b3c        0x4 /usr/local/gcc-arm-none-eabi-4_9-2015q3/bin/../lib/gcc/arm-none-eabi/4.9.3/armv7e-m/fpu/crtbegin.o
                0x20002b40                PROVIDE (__init_array_end, .)
                0x20002b40                . = ALIGN (0x4)
                0x20002b40                PROVIDE (__fini_array_start, .)
 *(SORT(.fini_array.*))
 *(.fini_array)
 .fini_array    0x20002b40        0x4 /usr/local/gcc-arm-none-eabi-4_9-2015q3/bin/../lib/gcc/arm-none-eabi/4.9.3/armv7e-m/fpu/crtbegin.o
                0x20002b44                PROVIDE (__fini_array_end, .)
 *(.jcr*)
 .jcr           0x20002b44        0x0 /usr/local/gcc-arm-none-eabi-4_9-2015q3/bin/../lib/gcc/arm-none-eabi/4.9.3/armv7e-m/fpu/crtbegin.o
 .jcr           0x20002b44        0x4 /usr/local/gcc-arm-none-eabi-4_9-2015q3/bin/../lib/gcc/arm-none-eabi/4.9.3/armv7e-m/fpu/crtend.o
                0x20002b48                . = ALIGN (0x4)
                0x20002b48                __data_end__ = .
LOAD /usr/local/gcc-arm-none-eabi-4_9-2015q3/bin/../lib/gcc/arm-none-eabi/4.9.3/armv7e-m/fpu/crti.o
LOAD /usr/local/gcc-arm-none-eabi-4_9-2015q3/bin/../lib/gcc/arm-none-eabi/4.9.3/armv7e-m/fpu/crtbegin.o
LOAD /usr/local/gcc-arm-none-eabi-4_9-2015q3/bin/../lib/gcc/arm-none-eabi/4.9.3/../../../../arm-none-eabi/lib/armv7e-m/fpu/crt0.o
LOAD _build/nrf52832_xxaa/nrf_log_backend_rtt.c.o
LOAD _build/nrf52832_xxaa/nrf_log_backend_serial.c.o
LOAD _build/nrf52832_xxaa/nrf_log_default_backends.c.o
LOAD _build/nrf52832_xxaa/nrf_log_frontend.c.o
LOAD _build/nrf52832_xxaa/nrf_log_str_formatter.c.o
LOAD _build/nrf52832_xxaa/app_button.c.o
LOAD _build/nrf52832_xxaa/app_error.c.o
LOAD _build/nrf52832_xxaa/app_error_weak.c.o
LOAD _build/nrf52832_xxaa/app_fifo.c.o
LOAD _build/nrf52832_xxaa/app_scheduler.c.o
LOAD _build/nrf52832_xxaa/app_timer.c.o
LOAD _build/nrf52832_xxaa/app_uart_fifo.c.o
LOAD _build/nrf52832_xxaa/app_util_platform.c.o
LOAD _build/nrf52832_xxaa/hardfault_implementation.c.o
LOAD _build/nrf52832_xxaa/nrf_assert.c.o
LOAD _build/nrf52832_xxaa/nrf_atfifo.c.o
LOAD _build/nrf52832_xxaa/nrf_balloc.c.o
LOAD _build/nrf52832_xxaa/nrf_fprintf.c.o
LOAD _build/nrf52832_xxaa/nrf_fprintf_format.c.o
LOAD _build/nrf52832_xxaa/nrf_fstorage.c.o
LOAD _build/nrf52832_xxaa/nrf_fstorage_sd.c.o
LOAD _build/nrf52832_xxaa/nrf_memobj.c.o
LOAD _build/nrf52832_xxaa/nrf_pwr_mgmt.c.o
LOAD _build/nrf52832_xxaa/nrf_section_iter.c.o
LOAD _build/nrf52832_xxaa/nrf_strerror.c.o
LOAD _build/nrf52832_xxaa/retarget.c.o
LOAD _build/nrf52832_xxaa/sdk_mapped_flags.c.o
LOAD _build/nrf52832_xxaa/boards.c.o
LOAD _build/nrf52832_xxaa/nrf_drv_clock.c.o
LOAD _build/nrf52832_xxaa/nrf_drv_common.c.o
LOAD _build/nrf52832_xxaa/nrf_drv_gpiote.c.o
LOAD _build/nrf52832_xxaa/nrf_drv_uart.c.o
LOAD _build/nrf52832_xxaa/bsp.c.o
LOAD _build/nrf52832_xxaa/bsp_btn_ble.c.o
LOAD _build/nrf52832_xxaa/bsp_nfc.c.o
LOAD _build/nrf52832_xxaa/nrf_drv_pwm.c.o
LOAD _build/nrf52832_xxaa/main.c.o
LOAD _build/nrf52832_xxaa/Adafruit_NeoPixel.c.o
LOAD _build/nrf52832_xxaa/LedPatterns.c.o
LOAD _build/nrf52832_xxaa/drv_Buzzer.c.o
LOAD _build/nrf52832_xxaa/SongPatterns.c.o
LOAD _build/nrf52832_xxaa/ws2812b_drive.c.o
LOAD _build/nrf52832_xxaa/i2s_ws2812b_drive.c.o
LOAD _build/nrf52832_xxaa/nrf_drv_i2s.c.o
LOAD _build/nrf52832_xxaa/nrf_drv_timer.c.o
LOAD _build/nrf52832_xxaa/SEGGER_RTT.c.o
LOAD _build/nrf52832_xxaa/SEGGER_RTT_Syscalls_GCC.c.o
LOAD _build/nrf52832_xxaa/SEGGER_RTT_printf.c.o
LOAD _build/nrf52832_xxaa/ble_advdata.c.o
LOAD _build/nrf52832_xxaa/ble_advertising.c.o
LOAD _build/nrf52832_xxaa/ble_conn_params.c.o
LOAD _build/nrf52832_xxaa/ble_conn_state.c.o
LOAD _build/nrf52832_xxaa/ble_srv_common.c.o
LOAD _build/nrf52832_xxaa/nrf_ble_gatt.c.o
LOAD _build/nrf52832_xxaa/gcc_startup_nrf52.S.o
LOAD _build/nrf52832_xxaa/system_nrf52.c.o
LOAD _build/nrf52832_xxaa/ble_nus.c.o
LOAD _build/nrf52832_xxaa/nrf_sdh.c.o
LOAD _build/nrf52832_xxaa/nrf_sdh_ble.c.o
LOAD _build/nrf52832_xxaa/nrf_sdh_soc.c.o
LOAD /home/dani/workspace/nrf5x/nRF5_SDK_14.2.0_17b948a/components/toolchain/cmsis/dsp/GCC/libarm_cortexM4lf_math.a
LOAD /usr/local/gcc-arm-none-eabi-4_9-2015q3/bin/../lib/gcc/arm-none-eabi/4.9.3/../../../../arm-none-eabi/lib/armv7e-m/fpu/libc_nano.a
LOAD /usr/local/gcc-arm-none-eabi-4_9-2015q3/bin/../lib/gcc/arm-none-eabi/4.9.3/../../../../arm-none-eabi/lib/armv7e-m/fpu/libnosys.a
LOAD /usr/local/gcc-arm-none-eabi-4_9-2015q3/bin/../lib/gcc/arm-none-eabi/4.9.3/../../../../arm-none-eabi/lib/armv7e-m/fpu/libm.a
START GROUP
LOAD /usr/local/gcc-arm-none-eabi-4_9-2015q3/bin/../lib/gcc/arm-none-eabi/4.9.3/armv7e-m/fpu/libgcc.a
LOAD /usr/local/gcc-arm-none-eabi-4_9-2015q3/bin/../lib/gcc/arm-none-eabi/4.9.3/../../../../arm-none-eabi/lib/armv7e-m/fpu/libg_nano.a
LOAD /usr/local/gcc-arm-none-eabi-4_9-2015q3/bin/../lib/gcc/arm-none-eabi/4.9.3/../../../../arm-none-eabi/lib/armv7e-m/fpu/libc_nano.a
END GROUP
START GROUP
LOAD /usr/local/gcc-arm-none-eabi-4_9-2015q3/bin/../lib/gcc/arm-none-eabi/4.9.3/armv7e-m/fpu/libgcc.a
LOAD /usr/local/gcc-arm-none-eabi-4_9-2015q3/bin/../lib/gcc/arm-none-eabi/4.9.3/../../../../arm-none-eabi/lib/armv7e-m/fpu/libc_nano.a
END GROUP
LOAD /usr/local/gcc-arm-none-eabi-4_9-2015q3/bin/../lib/gcc/arm-none-eabi/4.9.3/armv7e-m/fpu/crtend.o
LOAD /usr/local/gcc-arm-none-eabi-4_9-2015q3/bin/../lib/gcc/arm-none-eabi/4.9.3/armv7e-m/fpu/crtn.o
START GROUP
LOAD /usr/local/gcc-arm-none-eabi-4_9-2015q3/bin/../lib/gcc/arm-none-eabi/4.9.3/armv7e-m/fpu/libgcc.a
LOAD /usr/local/gcc-arm-none-eabi-4_9-2015q3/bin/../lib/gcc/arm-none-eabi/4.9.3/../../../../arm-none-eabi/lib/armv7e-m/fpu/libc.a
LOAD /usr/local/gcc-arm-none-eabi-4_9-2015q3/bin/../lib/gcc/arm-none-eabi/4.9.3/../../../../arm-none-eabi/lib/armv7e-m/fpu/libnosys.a
END GROUP

.igot.plt       0x20002b48        0x0 load address 0x00030a30
 .igot.plt      0x00000000        0x0 /usr/local/gcc-arm-none-eabi-4_9-2015q3/bin/../lib/gcc/arm-none-eabi/4.9.3/armv7e-m/fpu/crtbegin.o
                0x20002b48                . = ALIGN (0x4)

.mem_section_dummy_ram

.log_dynamic_data
                0x20002b48       0x90 load address 0x00030a30
                0x20002b48                PROVIDE (__start_log_dynamic_data, .)
 *(SORT(.log_dynamic_data*))
 .log_dynamic_data_app
                0x20002b48        0xc _build/nrf52832_xxaa/nrf_log_frontend.c.o
                0x20002b48                m_nrf_log_app_logs_data_dynamic
 .log_dynamic_data_balloc
                0x20002b54        0xc _build/nrf52832_xxaa/nrf_balloc.c.o
                0x20002b54                m_nrf_log_balloc_logs_data_dynamic
 .log_dynamic_data_ble_gatt
                0x20002b60        0xc _build/nrf52832_xxaa/nrf_ble_gatt.c.o
                0x20002b60                m_nrf_log_ble_gatt_logs_data_dynamic
 .log_dynamic_data_clock
                0x20002b6c        0xc _build/nrf52832_xxaa/nrf_drv_clock.c.o
                0x20002b6c                m_nrf_log_clock_logs_data_dynamic
 .log_dynamic_data_gpiote
                0x20002b78        0xc _build/nrf52832_xxaa/nrf_drv_gpiote.c.o
                0x20002b78                m_nrf_log_gpiote_logs_data_dynamic
 .log_dynamic_data_i2s
                0x20002b84        0xc _build/nrf52832_xxaa/nrf_drv_i2s.c.o
                0x20002b84                m_nrf_log_i2s_logs_data_dynamic
 .log_dynamic_data_nrf_sdh
                0x20002b90        0xc _build/nrf52832_xxaa/nrf_sdh.c.o
                0x20002b90                m_nrf_log_nrf_sdh_logs_data_dynamic
 .log_dynamic_data_nrf_sdh_ble
                0x20002b9c        0xc _build/nrf52832_xxaa/nrf_sdh_ble.c.o
                0x20002b9c                m_nrf_log_nrf_sdh_ble_logs_data_dynamic
 .log_dynamic_data_nrf_sdh_soc
                0x20002ba8        0xc _build/nrf52832_xxaa/nrf_sdh_soc.c.o
                0x20002ba8                m_nrf_log_nrf_sdh_soc_logs_data_dynamic
 .log_dynamic_data_pwm
                0x20002bb4        0xc _build/nrf52832_xxaa/nrf_drv_pwm.c.o
                0x20002bb4                m_nrf_log_pwm_logs_data_dynamic
 .log_dynamic_data_pwr_mgmt
                0x20002bc0        0xc _build/nrf52832_xxaa/nrf_pwr_mgmt.c.o
                0x20002bc0                m_nrf_log_pwr_mgmt_logs_data_dynamic
 .log_dynamic_data_uart
                0x20002bcc        0xc _build/nrf52832_xxaa/nrf_drv_uart.c.o
                0x20002bcc                m_nrf_log_uart_logs_data_dynamic
                0x20002bd8                PROVIDE (__stop_log_dynamic_data, .)

.fs_data        0x20002bd8        0x0
                0x20002bd8                PROVIDE (__start_fs_data, .)
 *(.fs_data)
                0x20002bd8                PROVIDE (__stop_fs_data, .)

.cli_sorted_cmd_ptrs
                0x20002bd8        0x0
                0x20002bd8                PROVIDE (__start_cli_sorted_cmd_ptrs, .)
 *(.cli_sorted_cmd_ptrs)
                0x20002bd8                PROVIDE (__stop_cli_sorted_cmd_ptrs, .)

.bss            0x20002bd8     0x15f0 load address 0x00030ac0
                0x20002bd8                . = ALIGN (0x4)
                0x20002bd8                __bss_start__ = .
 *(.bss*)
 .bss           0x20002bd8       0x1c /usr/local/gcc-arm-none-eabi-4_9-2015q3/bin/../lib/gcc/arm-none-eabi/4.9.3/armv7e-m/fpu/crtbegin.o
 .bss.m_string_buff
                0x20002bf4       0x40 _build/nrf52832_xxaa/nrf_log_backend_rtt.c.o
 .bss.mempool_nrf_balloc_pool_stack
                0x20002c34        0x8 _build/nrf52832_xxaa/nrf_log_frontend.c.o
 .bss.mempool_nrf_balloc_pool_mem
                0x20002c3c       0xc0 _build/nrf52832_xxaa/nrf_log_frontend.c.o
 .bss.mempool_nrf_balloc_cb
                0x20002cfc        0x8 _build/nrf52832_xxaa/nrf_log_frontend.c.o
 .bss.m_log_data
                0x20002d04      0x420 _build/nrf52832_xxaa/nrf_log_frontend.c.o
 .bss.m_op_queue
                0x20003124      0x10c _build/nrf52832_xxaa/app_timer.c.o
 .bss.mp_timer_id_head
                0x20003230        0x4 _build/nrf52832_xxaa/app_timer.c.o
 .bss.m_ticks_latest
                0x20003234        0x4 _build/nrf52832_xxaa/app_timer.c.o
 .bss.m_ticks_elapsed
                0x20003238        0x8 _build/nrf52832_xxaa/app_timer.c.o
 .bss.m_ticks_elapsed_q_read_ind
                0x20003240        0x1 _build/nrf52832_xxaa/app_timer.c.o
 .bss.m_ticks_elapsed_q_write_ind
                0x20003241        0x1 _build/nrf52832_xxaa/app_timer.c.o
 .bss.m_rtc1_running
                0x20003242        0x1 _build/nrf52832_xxaa/app_timer.c.o
 .bss.m_rtc1_reset
                0x20003243        0x1 _build/nrf52832_xxaa/app_timer.c.o
 .bss.m_fifo_inst
                0x20003244       0x10 _build/nrf52832_xxaa/nrf_fstorage_sd.c.o
 .bss.m_flags   0x20003254       0x14 _build/nrf52832_xxaa/nrf_fstorage_sd.c.o
 .bss.m_p_cur_op
                0x20003268        0x4 _build/nrf52832_xxaa/nrf_fstorage_sd.c.o
 .bss.m_iget_ctx
                0x2000326c        0x4 _build/nrf52832_xxaa/nrf_fstorage_sd.c.o
 .bss.m_clock_cb
                0x20003270       0x14 _build/nrf52832_xxaa/nrf_drv_clock.c.o
 .bss.m_cb      0x20003284       0x58 _build/nrf52832_xxaa/nrf_drv_gpiote.c.o
 .bss.m_cb      0x200032dc       0x20 _build/nrf52832_xxaa/nrf_drv_uart.c.o
 .bss.m_stable_state
                0x200032fc        0x1 _build/nrf52832_xxaa/bsp.c.o
 .bss.m_leds_clear
                0x200032fd        0x1 _build/nrf52832_xxaa/bsp.c.o
 *fill*         0x200032fe        0x2 
 .bss.m_indication_type
                0x20003300        0x4 _build/nrf52832_xxaa/bsp.c.o
 .bss.m_alert_on
                0x20003304        0x1 _build/nrf52832_xxaa/bsp.c.o
 *fill*         0x20003305        0x3 
 .bss.m_leds_timer_id_data
                0x20003308       0x20 _build/nrf52832_xxaa/bsp.c.o
 .bss.m_alert_timer_id_data
                0x20003328       0x20 _build/nrf52832_xxaa/bsp.c.o
 .bss.m_events_list
                0x20003348        0xc _build/nrf52832_xxaa/bsp.c.o
 .bss.m_error_handler
                0x20003354        0x4 _build/nrf52832_xxaa/bsp_btn_ble.c.o
 .bss.m_num_connections
                0x20003358        0x4 _build/nrf52832_xxaa/bsp_btn_ble.c.o
 .bss.m_cb      0x2000335c       0x18 _build/nrf52832_xxaa/nrf_drv_pwm.c.o
 .bss.m_nus     0x20003374       0x1c _build/nrf52832_xxaa/main.c.o
 .bss.m_gatt    0x20003390       0x14 _build/nrf52832_xxaa/main.c.o
 .bss.m_advertising
                0x200033a4       0xd8 _build/nrf52832_xxaa/main.c.o
 .bss.ws2812bpattern
                0x2000347c        0x1 _build/nrf52832_xxaa/main.c.o
                0x2000347c                ws2812bpattern
 .bss.songpattern
                0x2000347d        0x1 _build/nrf52832_xxaa/main.c.o
                0x2000347d                songpattern
 .bss.delaysong
                0x2000347e        0x2 _build/nrf52832_xxaa/main.c.o
                0x2000347e                delaysong
 .bss.flag_song_run
                0x20003480        0x1 _build/nrf52832_xxaa/main.c.o
                0x20003480                flag_song_run
 .bss.flag_haptic_running
                0x20003481        0x1 _build/nrf52832_xxaa/main.c.o
                0x20003481                flag_haptic_running
 .bss.flag_haptic_enable
                0x20003482        0x1 _build/nrf52832_xxaa/main.c.o
                0x20003482                flag_haptic_enable
 *fill*         0x20003483        0x1 
 .bss.delayws2812b.12083
                0x20003484        0x2 _build/nrf52832_xxaa/main.c.o
 .bss.delayhaptic.12084
                0x20003486        0x2 _build/nrf52832_xxaa/main.c.o
 .bss.index_color.9419
                0x20003488        0x2 _build/nrf52832_xxaa/LedPatterns.c.o
 .bss.up_value.9420
                0x2000348a        0x2 _build/nrf52832_xxaa/LedPatterns.c.o
 .bss.index_led0.9433
                0x2000348c        0x2 _build/nrf52832_xxaa/LedPatterns.c.o
 .bss.tmp_red.9449
                0x2000348e        0x1 _build/nrf52832_xxaa/LedPatterns.c.o
 .bss.tmp_blue.9450
                0x2000348f        0x1 _build/nrf52832_xxaa/LedPatterns.c.o
 .bss.tmp_green.9451
                0x20003490        0x1 _build/nrf52832_xxaa/LedPatterns.c.o
 *fill*         0x20003491        0x1 
 .bss.index_led.9441
                0x20003492        0x2 _build/nrf52832_xxaa/LedPatterns.c.o
 .bss.num_flashes.9442
                0x20003494        0x1 _build/nrf52832_xxaa/LedPatterns.c.o
 .bss.tmp_red.9464
                0x20003495        0x1 _build/nrf52832_xxaa/LedPatterns.c.o
 .bss.tmp_blue.9465
                0x20003496        0x1 _build/nrf52832_xxaa/LedPatterns.c.o
 .bss.tmp_green.9466
                0x20003497        0x1 _build/nrf52832_xxaa/LedPatterns.c.o
 .bss.index_led.9455
                0x20003498        0x2 _build/nrf52832_xxaa/LedPatterns.c.o
 .bss.up_value.9456
                0x2000349a        0x2 _build/nrf52832_xxaa/LedPatterns.c.o
 .bss.up_value.9479
                0x2000349c        0x2 _build/nrf52832_xxaa/LedPatterns.c.o
 .bss.index.9478
                0x2000349e        0x2 _build/nrf52832_xxaa/LedPatterns.c.o
 .bss.count_debounce.9481
                0x200034a0        0x2 _build/nrf52832_xxaa/LedPatterns.c.o
 .bss.index0.9489
                0x200034a2        0x2 _build/nrf52832_xxaa/LedPatterns.c.o
 .bss.index2.9491
                0x200034a4        0x2 _build/nrf52832_xxaa/LedPatterns.c.o
 *fill*         0x200034a6        0x2 
 .bss.ram_buf   0x200034a8      0x888 _build/nrf52832_xxaa/drv_Buzzer.c.o
 .bss.s_params  0x20003d30        0x4 _build/nrf52832_xxaa/drv_Buzzer.c.o
 .bss.s_pcm     0x20003d34       0x84 _build/nrf52832_xxaa/drv_Buzzer.c.o
 .bss.j.7215    0x20003db8        0x1 _build/nrf52832_xxaa/SongPatterns.c.o